.next/dev/types/validator.ts(215,39): error TS2306: File 'U:/BasaltSurge/portalpay-official/src/app/dashboard/analytics/page.tsx' is not a module.
.next/dev/types/validator.ts(224,39): error TS2306: File 'U:/BasaltSurge/portalpay-official/src/app/dashboard/hostpro/page.tsx' is not a module.
.next/dev/types/validator.ts(233,39): error TS2306: File 'U:/BasaltSurge/portalpay-official/src/app/dashboard/inventory/page.tsx' is not a module.
.next/dev/types/validator.ts(242,39): error TS2306: File 'U:/BasaltSurge/portalpay-official/src/app/dashboard/invoicing/page.tsx' is not a module.
.next/dev/types/validator.ts(251,39): error TS2306: File 'U:/BasaltSurge/portalpay-official/src/app/dashboard/menu/page.tsx' is not a module.
.next/dev/types/validator.ts(260,39): error TS2306: File 'U:/BasaltSurge/portalpay-official/src/app/dashboard/page.tsx' is not a module.
.next/dev/types/validator.ts(269,39): error TS2306: File 'U:/BasaltSurge/portalpay-official/src/app/dashboard/robotic-fleets/page.tsx' is not a module.
.next/dev/types/validator.ts(278,39): error TS2306: File 'U:/BasaltSurge/portalpay-official/src/app/dashboard/roster/page.tsx' is not a module.
.next/dev/types/validator.ts(287,39): error TS2306: File 'U:/BasaltSurge/portalpay-official/src/app/dashboard/scheduling/page.tsx' is not a module.
.next/dev/types/validator.ts(296,39): error TS2306: File 'U:/BasaltSurge/portalpay-official/src/app/dashboard/settings/page.tsx' is not a module.
.next/dev/types/validator.ts(314,39): error TS2306: File 'U:/BasaltSurge/portalpay-official/src/app/dashboard/team/page.tsx' is not a module.
.next/dev/types/validator.ts(521,39): error TS2306: File 'U:/BasaltSurge/portalpay-official/src/app/login/page.tsx' is not a module.
.next/dev/types/validator.ts(809,39): error TS2306: File 'U:/BasaltSurge/portalpay-official/src/app/team/page.tsx' is not a module.
.next/dev/types/validator.ts(881,39): error TS2306: File 'U:/BasaltSurge/portalpay-official/src/app/api/7shifts/active-shifts/route.ts' is not a module.
.next/dev/types/validator.ts(890,39): error TS2306: File 'U:/BasaltSurge/portalpay-official/src/app/api/7shifts/department-overview/route.ts' is not a module.
.next/dev/types/validator.ts(899,39): error TS2306: File 'U:/BasaltSurge/portalpay-official/src/app/api/7shifts/sync/route.ts' is not a module.
.next/dev/types/validator.ts(908,39): error TS2306: File 'U:/BasaltSurge/portalpay-official/src/app/api/activity/recent/route.ts' is not a module.
.next/dev/types/validator.ts(1448,39): error TS2306: File 'U:/BasaltSurge/portalpay-official/src/app/api/auth/2fa/backup-codes/route.ts' is not a module.
.next/dev/types/validator.ts(1457,39): error TS2306: File 'U:/BasaltSurge/portalpay-official/src/app/api/auth/2fa/disable/route.ts' is not a module.
.next/dev/types/validator.ts(1466,39): error TS2306: File 'U:/BasaltSurge/portalpay-official/src/app/api/auth/2fa/login/route.ts' is not a module.
.next/dev/types/validator.ts(1475,39): error TS2306: File 'U:/BasaltSurge/portalpay-official/src/app/api/auth/2fa/setup/route.ts' is not a module.
.next/dev/types/validator.ts(1484,39): error TS2306: File 'U:/BasaltSurge/portalpay-official/src/app/api/auth/2fa/verify/route.ts' is not a module.
.next/dev/types/validator.ts(1502,39): error TS2306: File 'U:/BasaltSurge/portalpay-official/src/app/api/auth/change-password/route.ts' is not a module.
.next/dev/types/validator.ts(1547,39): error TS2306: File 'U:/BasaltSurge/portalpay-official/src/app/api/auth/refresh/route.ts' is not a module.
.next/dev/types/validator.ts(1655,39): error TS2306: File 'U:/BasaltSurge/portalpay-official/src/app/api/debug/route.ts' is not a module.
.next/dev/types/validator.ts(1772,39): error TS2306: File 'U:/BasaltSurge/portalpay-official/src/app/api/hostpro/assign-table/route.ts' is not a module.
.next/dev/types/validator.ts(1781,39): error TS2306: File 'U:/BasaltSurge/portalpay-official/src/app/api/hostpro/assignments/route.ts' is not a module.
.next/dev/types/validator.ts(1790,39): error TS2306: File 'U:/BasaltSurge/portalpay-official/src/app/api/hostpro/domain-presets/route.ts' is not a module.
.next/dev/types/validator.ts(1799,39): error TS2306: File 'U:/BasaltSurge/portalpay-official/src/app/api/hostpro/domains/route.ts' is not a module.
.next/dev/types/validator.ts(1808,39): error TS2306: File 'U:/BasaltSurge/portalpay-official/src/app/api/hostpro/match-tables/route.ts' is not a module.
.next/dev/types/validator.ts(1817,39): error TS2306: File 'U:/BasaltSurge/portalpay-official/src/app/api/hostpro/presets/route.ts' is not a module.
.next/dev/types/validator.ts(1826,39): error TS2306: File 'U:/BasaltSurge/portalpay-official/src/app/api/hostpro/process-floor-image/route.ts' is not a module.
.next/dev/types/validator.ts(1835,39): error TS2306: File 'U:/BasaltSurge/portalpay-official/src/app/api/hostpro/scan-layout/route.ts' is not a module.
.next/dev/types/validator.ts(1844,39): error TS2306: File 'U:/BasaltSurge/portalpay-official/src/app/api/hostpro/seat/route.ts' is not a module.
.next/dev/types/validator.ts(1853,39): error TS2306: File 'U:/BasaltSurge/portalpay-official/src/app/api/hostpro/session/route.ts' is not a module.
.next/dev/types/validator.ts(2006,39): error TS2306: File 'U:/BasaltSurge/portalpay-official/src/app/api/inventory/barcode-mapping/route.ts' is not a module.
.next/dev/types/validator.ts(2015,39): error TS2306: File 'U:/BasaltSurge/portalpay-official/src/app/api/inventory/clear/route.ts' is not a module.
.next/dev/types/validator.ts(2024,39): error TS2306: File 'U:/BasaltSurge/portalpay-official/src/app/api/inventory/csv-import/route.ts' is not a module.
.next/dev/types/validator.ts(2033,39): error TS2306: File 'U:/BasaltSurge/portalpay-official/src/app/api/inventory/debug/route.ts' is not a module.
.next/dev/types/validator.ts(2060,39): error TS2306: File 'U:/BasaltSurge/portalpay-official/src/app/api/inventory/label-templates/route.ts' is not a module.
.next/dev/types/validator.ts(2087,39): error TS2306: File 'U:/BasaltSurge/portalpay-official/src/app/api/inventory/schema-check/route.ts' is not a module.
.next/dev/types/validator.ts(2096,39): error TS2306: File 'U:/BasaltSurge/portalpay-official/src/app/api/inventory/transactions/route.ts' is not a module.
.next/dev/types/validator.ts(2105,39): error TS2306: File 'U:/BasaltSurge/portalpay-official/src/app/api/inventory/transactions/sample/route.ts' is not a module.
.next/dev/types/validator.ts(2114,39): error TS2306: File 'U:/BasaltSurge/portalpay-official/src/app/api/inventory/waste/route.ts' is not a module.
.next/dev/types/validator.ts(2213,39): error TS2306: File 'U:/BasaltSurge/portalpay-official/src/app/api/menu-mappings/capacity/route.ts' is not a module.
.next/dev/types/validator.ts(2222,39): error TS2306: File 'U:/BasaltSurge/portalpay-official/src/app/api/menu-mappings/cost/route.ts' is not a module.
.next/dev/types/validator.ts(2231,39): error TS2306: File 'U:/BasaltSurge/portalpay-official/src/app/api/menu-mappings/export/route.ts' is not a module.
.next/dev/types/validator.ts(2240,39): error TS2306: File 'U:/BasaltSurge/portalpay-official/src/app/api/menu-mappings/route.ts' is not a module.
.next/dev/types/validator.ts(2249,39): error TS2306: File 'U:/BasaltSurge/portalpay-official/src/app/api/menu-mappings/usage/route.ts' is not a module.
.next/dev/types/validator.ts(2313,31): error TS2344: Type 'typeof import("U:/BasaltSurge/portalpay-official/src/app/api/merchants/[id]/fee/route")' does not satisfy the constraint 'RouteHandlerConfig<"/api/merchants/[id]/fee">'.
  Types of property 'GET' are incompatible.
    Type '(req: NextRequest, ctx: { params: { id: string; }; }) => Promise<NextResponse<any>>' is not assignable to type '(request: NextRequest, context: { params: Promise<{ id: string; }>; }) => void | Response | Promise<void | Response>'.
      Types of parameters 'ctx' and 'context' are incompatible.
        Type '{ params: Promise<{ id: string; }>; }' is not assignable to type '{ params: { id: string; }; }'.
          Types of property 'params' are incompatible.
            Property 'id' is missing in type 'Promise<{ id: string; }>' but required in type '{ id: string; }'.
.next/dev/types/validator.ts(2555,39): error TS2306: File 'U:/BasaltSurge/portalpay-official/src/app/api/orders/[id]/receive/route.ts' is not a module.
.next/dev/types/validator.ts(2627,39): error TS2306: File 'U:/BasaltSurge/portalpay-official/src/app/api/performance/route.ts' is not a module.
.next/dev/types/validator.ts(3131,39): error TS2306: File 'U:/BasaltSurge/portalpay-official/src/app/api/robotic-fleets/calibration/route.ts' is not a module.
.next/dev/types/validator.ts(3140,39): error TS2306: File 'U:/BasaltSurge/portalpay-official/src/app/api/robots/[id]/command/route.ts' is not a module.
.next/dev/types/validator.ts(3149,39): error TS2306: File 'U:/BasaltSurge/portalpay-official/src/app/api/robots/[id]/route.ts' is not a module.
.next/dev/types/validator.ts(3158,39): error TS2306: File 'U:/BasaltSurge/portalpay-official/src/app/api/robots/route.ts' is not a module.
.next/dev/types/validator.ts(3167,39): error TS2306: File 'U:/BasaltSurge/portalpay-official/src/app/api/roles/route.ts' is not a module.
.next/dev/types/validator.ts(3500,39): error TS2306: File 'U:/BasaltSurge/portalpay-official/src/app/api/team-members/route.ts' is not a module.
.next/dev/types/validator.ts(3509,39): error TS2306: File 'U:/BasaltSurge/portalpay-official/src/app/api/team/[id]/reset-password/route.ts' is not a module.
.next/dev/types/validator.ts(3518,39): error TS2306: File 'U:/BasaltSurge/portalpay-official/src/app/api/team/on-time-rate/route.ts' is not a module.
.next/dev/types/validator.ts(3527,39): error TS2306: File 'U:/BasaltSurge/portalpay-official/src/app/api/team/route.ts' is not a module.
.next/dev/types/validator.ts(3536,39): error TS2306: File 'U:/BasaltSurge/portalpay-official/src/app/api/team/summary/route.ts' is not a module.
.next/dev/types/validator.ts(3599,39): error TS2306: File 'U:/BasaltSurge/portalpay-official/src/app/api/test/auth/route.ts' is not a module.
.next/dev/types/validator.ts(3608,39): error TS2306: File 'U:/BasaltSurge/portalpay-official/src/app/api/test/explore/route.ts' is not a module.
.next/dev/types/validator.ts(3617,39): error TS2306: File 'U:/BasaltSurge/portalpay-official/src/app/api/test/grpc-init/route.ts' is not a module.
.next/dev/types/validator.ts(3653,39): error TS2306: File 'U:/BasaltSurge/portalpay-official/src/app/api/toast/employees/[id]/delete/route.ts' is not a module.
.next/dev/types/validator.ts(3662,39): error TS2306: File 'U:/BasaltSurge/portalpay-official/src/app/api/toast/employees/[id]/route.ts' is not a module.
.next/dev/types/validator.ts(3671,39): error TS2306: File 'U:/BasaltSurge/portalpay-official/src/app/api/toast/employees/clear/route.ts' is not a module.
.next/dev/types/validator.ts(3680,39): error TS2306: File 'U:/BasaltSurge/portalpay-official/src/app/api/toast/employees/route.ts' is not a module.
.next/dev/types/validator.ts(3689,39): error TS2306: File 'U:/BasaltSurge/portalpay-official/src/app/api/toast/era-report/route.ts' is not a module.
.next/dev/types/validator.ts(3734,39): error TS2306: File 'U:/BasaltSurge/portalpay-official/src/app/api/toast/orders-metrics/route.ts' is not a module.
.next/dev/types/validator.ts(3752,39): error TS2306: File 'U:/BasaltSurge/portalpay-official/src/app/api/toast/orders/route.ts' is not a module.
.next/dev/types/validator.ts(3779,39): error TS2306: File 'U:/BasaltSurge/portalpay-official/src/app/api/toast/sync/route.ts' is not a module.
.next/dev/types/validator.ts(3797,39): error TS2306: File 'U:/BasaltSurge/portalpay-official/src/app/api/toast/webhooks/route.ts' is not a module.
.next/dev/types/validator.ts(4040,39): error TS2306: File 'U:/BasaltSurge/portalpay-official/src/app/api/varuni/chat/route.ts' is not a module.
.next/dev/types/validator.ts(4085,39): error TS2306: File 'U:/BasaltSurge/portalpay-official/src/app/api/varuni/reindex/route.ts' is not a module.
.next/dev/types/validator.ts(4094,39): error TS2306: File 'U:/BasaltSurge/portalpay-official/src/app/api/varuni/sessions/route.ts' is not a module.
.next/dev/types/validator.ts(4103,39): error TS2306: File 'U:/BasaltSurge/portalpay-official/src/app/api/varuni/voice/log/route.ts' is not a module.
.next/dev/types/validator.ts(4112,39): error TS2306: File 'U:/BasaltSurge/portalpay-official/src/app/api/vendors/stats/route.ts' is not a module.
basalt_theme_export/app/[locale]/components/MarketingFooter.tsx(3,26): error TS2307: Cannot find module '@/lib/prisma' or its corresponding type declarations.
basalt_theme_export/app/[locale]/components/MarketingFooter.tsx(106,38): error TS7006: Parameter 'section' implicitly has an 'any' type.
basalt_theme_export/app/[locale]/components/MarketingFooter.tsx(108,49): error TS7006: Parameter 'link' implicitly has an 'any' type.
basalt_theme_export/app/[locale]/components/MarketingFooter.tsx(188,40): error TS7006: Parameter 'section' implicitly has an 'any' type.
basalt_theme_export/app/[locale]/components/MarketingFooter.tsx(192,57): error TS7006: Parameter 'link' implicitly has an 'any' type.
capacitor.config.ts(11,5): error TS2353: Object literal may only specify known properties, and 'bundledWebRuntime' does not exist in type 'CapacitorConfig'.
scripts/fix-shop-duplicate.ts(21,83): error TS18046: 'e' is of type 'unknown'.
scripts/fix-xoinpay-logo.ts(40,45): error TS18047: 'updated' is possibly 'null'.
scripts/generate-agent-sounds.ts(14,19): error TS7016: Could not find a declaration file for module 'node-fetch'. 'U:/BasaltSurge/portalpay-official/node_modules/node-fetch/lib/index.js' implicitly has an 'any' type.
  Try `npm i --save-dev @types/node-fetch` if it exists or add a new declaration (.d.ts) file containing `declare module 'node-fetch';`
scripts/investigate-split-data.ts(48,13): error TS7034: Variable 'foundSplit' implicitly has type 'any' in some locations where its type cannot be determined.
scripts/investigate-split-data.ts(62,22): error TS7005: Variable 'foundSplit' implicitly has an 'any' type.
scripts/migrate-storage.ts(106,43): error TS2339: Property 'listContainers' does not exist on type 'BlobServiceClient'.
scripts/migrate-storage.ts(123,36): error TS2339: Property 'exists' does not exist on type 'ContainerClient'.
scripts/migrate-storage.ts(163,59): error TS2339: Property 'download' does not exist on type 'BlockBlobClient'.
scripts/patch-voice.ts(22,19): error TS7016: Could not find a declaration file for module 'node-fetch'. 'U:/BasaltSurge/portalpay-official/node_modules/node-fetch/lib/index.js' implicitly has an 'any' type.
  Try `npm i --save-dev @types/node-fetch` if it exists or add a new declaration (.d.ts) file containing `declare module 'node-fetch';`
scripts/provision-elevenlabs-agents.ts(5,19): error TS7016: Could not find a declaration file for module 'node-fetch'. 'U:/BasaltSurge/portalpay-official/node_modules/node-fetch/lib/index.js' implicitly has an 'any' type.
  Try `npm i --save-dev @types/node-fetch` if it exists or add a new declaration (.d.ts) file containing `declare module 'node-fetch';`
scripts/reprovision-agent-v2.ts(5,19): error TS7016: Could not find a declaration file for module 'node-fetch'. 'U:/BasaltSurge/portalpay-official/node_modules/node-fetch/lib/index.js' implicitly has an 'any' type.
  Try `npm i --save-dev @types/node-fetch` if it exists or add a new declaration (.d.ts) file containing `declare module 'node-fetch';`
scripts/simulate-admin-query.ts(25,57): error TS2367: This comparison appears to be unintentional because the types '"xoinpay"' and '"portalpay"' have no overlap.
scripts/simulate-admin-query.ts(25,88): error TS2367: This comparison appears to be unintentional because the types '"xoinpay"' and '"basaltsurge"' have no overlap.
scripts/test-alignment.ts(2,7): error TS2440: Import declaration conflicts with local declaration of 'JSZip'.
scripts/test-alignment.ts(19,8): error TS2440: Import declaration conflicts with local declaration of 'JSZip'.
scripts/test-alignment.ts(44,24): error TS2345: Argument of type 'Uint8Array<ArrayBufferLike>' is not assignable to parameter of type 'Buffer<ArrayBufferLike>'.
  Type 'Uint8Array<ArrayBufferLike>' is missing the following properties from type 'Buffer<ArrayBufferLike>': write, toJSON, equals, compare, and 66 more.
scripts/update-shop-users.ts(62,21): error TS18048: 'updated' is possibly 'undefined'.
scripts/update-shop-users.ts(63,24): error TS18048: 'updated' is possibly 'undefined'.
scripts/update-shop-users.ts(64,24): error TS18048: 'updated' is possibly 'undefined'.
src/app/admin/panels/AdminManagementPanel.tsx(185,95): error TS2367: This comparison appears to be unintentional because the types '"users"' and '"activity"' have no overlap.
src/app/api/admin/devices/containers/route.ts(395,26): error TS2339: Property 'error' does not exist on type '{ results: ContainerInfo[]; error?: string | undefined; } | { results: never[]; }'.
  Property 'error' does not exist on type '{ results: never[]; }'.
src/app/api/admin/devices/containers/route.ts(396,95): error TS2339: Property 'error' does not exist on type '{ results: ContainerInfo[]; error?: string | undefined; } | { results: never[]; }'.
  Property 'error' does not exist on type '{ results: never[]; }'.
src/app/api/admin/devices/containers/route.ts(467,43): error TS2339: Property 'error' does not exist on type '{ results: ContainerInfo[]; error?: string | undefined; } | { results: never[]; }'.
  Property 'error' does not exist on type '{ results: never[]; }'.
src/app/api/admin/support/tickets/backfill/route.ts(62,29): error TS2345: Argument of type 'boolean' is not assignable to parameter of type 'string'.
src/app/api/compliance/sales/push/route.ts(71,79): error TS18047: 'activeProvider' is possibly 'null'.
src/app/api/inventory/images/route.ts(300,13): error TS18004: No value exists in scope for the shorthand property 'hiBlobName'. Either declare one or provide an initializer.
src/app/api/inventory/images/route.ts(301,13): error TS18004: No value exists in scope for the shorthand property 'thumbBlobName'. Either declare one or provide an initializer.
src/app/api/pms/[slug]/messages/route.ts(118,13): error TS2353: Object literal may only specify known properties, and 'direction' does not exist in type 'PMSMessage'.
src/app/api/pms/[slug]/messages/route.ts(123,33): error TS2339: Property 'name' does not exist on type 'StaffSession'.
src/app/api/pms/[slug]/reservations/route.ts(165,13): error TS2353: Object literal may only specify known properties, and 'ratePerNight' does not exist in type 'PMSReservation'.
src/app/api/toast/debug/route.ts(2,28): error TS2306: File 'U:/BasaltSurge/portalpay-official/src/lib/services/toast-api-client.ts' is not a module.
src/app/api/toast/integration-status/route.ts(3,28): error TS2306: File 'U:/BasaltSurge/portalpay-official/src/lib/services/toast-api-client.ts' is not a module.
src/app/api/toast/integration-status/route.ts(29,54): error TS7006: Parameter 'r' implicitly has an 'any' type.
src/app/api/toast/integration-status/route.ts(39,9): error TS2322: Type 'string' is not assignable to type 'null'.
src/app/api/toast/integration-status/route.ts(48,9): error TS2322: Type '{ count: any; sample: any; }' is not assignable to type 'null'.
src/app/api/toast/integration-status/route.ts(55,9): error TS2322: Type 'string' is not assignable to type 'null'.
src/app/api/toast/integration-summary/route.ts(2,28): error TS2306: File 'U:/BasaltSurge/portalpay-official/src/lib/services/toast-api-client.ts' is not a module.
src/app/api/toast/integration-summary/route.ts(27,54): error TS7006: Parameter 'r' implicitly has an 'any' type.
src/app/api/toast/integration-summary/route.ts(30,9): error TS2322: Type '{ name: any; location: any; guid: any; }' is not assignable to type 'null'.
src/app/api/toast/integration-summary/route.ts(41,9): error TS2322: Type 'string' is not assignable to type 'null'.
src/app/api/toast/integration-summary/route.ts(50,9): error TS2322: Type '{ total: any; activeCount: any; sampleNames: any; }' is not assignable to type 'null'.
src/app/api/toast/integration-summary/route.ts(53,55): error TS7006: Parameter 'emp' implicitly has an 'any' type.
src/app/api/toast/integration-summary/route.ts(61,9): error TS2322: Type 'string' is not assignable to type 'null'.
src/app/api/toast/integration-summary/route.ts(69,7): error TS2322: Type 'string' is not assignable to type 'null'.
src/app/api/toast/integration-summary/route.ts(70,7): error TS2322: Type 'string | null' is not assignable to type 'null'.
  Type 'string' is not assignable to type 'null'.
src/app/api/toast/menus/route.ts(2,28): error TS2306: File 'U:/BasaltSurge/portalpay-official/src/lib/services/toast-api-client.ts' is not a module.
src/app/api/toast/orders-bulk/route.ts(2,28): error TS2306: File 'U:/BasaltSurge/portalpay-official/src/lib/services/toast-api-client.ts' is not a module.
src/app/api/toast/restaurants/route.ts(2,28): error TS2306: File 'U:/BasaltSurge/portalpay-official/src/lib/services/toast-api-client.ts' is not a module.
src/app/api/toast/time-entries/route.ts(2,28): error TS2306: File 'U:/BasaltSurge/portalpay-official/src/lib/services/toast-api-client.ts' is not a module.
src/app/api/toast/weekly-performance/route.ts(2,28): error TS2306: File 'U:/BasaltSurge/portalpay-official/src/lib/services/toast-api-client.ts' is not a module.
src/app/api/touchpoint/build/route.ts(459,52): error TS2345: Argument of type 'Uint8Array<ArrayBufferLike>' is not assignable to parameter of type 'string | ArrayBuffer | Buffer<ArrayBufferLike> | Blob'.
  Type 'Uint8Array<ArrayBufferLike>' is not assignable to type 'Buffer<ArrayBufferLike> | Blob'.
    Type 'Uint8Array<ArrayBufferLike>' is missing the following properties from type 'Buffer<ArrayBufferLike>': write, toJSON, equals, compare, and 66 more.
src/app/api/uploads/route.ts(77,17): error TS2304: Cannot find name 'out'.
src/app/api/uploads/route.ts(85,17): error TS2552: Cannot find name 'errors'. Did you mean 'Error'?
src/app/api/uploads/route.ts(89,53): error TS2304: Cannot find name 'out'.
src/app/api/uploads/route.ts(89,58): error TS2552: Cannot find name 'errors'. Did you mean 'Error'?
src/app/nodes/apply/page.tsx(207,39): error TS2322: Type '{ hidden: { opacity: number; y: number; }; visible: { opacity: number; y: number; transition: { duration: number; ease: string; }; }; exit: { opacity: number; y: number; transition: { duration: number; }; }; }' is not assignable to type 'Variants'.
  Property 'visible' is incompatible with index signature.
    Type '{ opacity: number; y: number; transition: { duration: number; ease: string; }; }' is not assignable to type 'Variant'.
      Type '{ opacity: number; y: number; transition: { duration: number; ease: string; }; }' is not assignable to type 'TargetAndTransition'.
        Type '{ opacity: number; y: number; transition: { duration: number; ease: string; }; }' is not assignable to type '{ transition?: Transition<any> | undefined; transitionEnd?: ResolvedValues | undefined; }'.
          Types of property 'transition' are incompatible.
            Type '{ duration: number; ease: string; }' is not assignable to type 'Transition<any> | undefined'.
              Type '{ duration: number; ease: string; }' is not assignable to type 'TransitionWithValueOverrides<any>'.
                Type '{ duration: number; ease: string; }' is not assignable to type 'ValueAnimationTransition<any>'.
                  Types of property 'ease' are incompatible.
                    Type 'string' is not assignable to type 'Easing | Easing[] | undefined'.
src/app/nodes/apply/page.tsx(251,40): error TS2322: Type '{ hidden: { opacity: number; y: number; }; visible: { opacity: number; y: number; transition: { duration: number; ease: string; }; }; exit: { opacity: number; y: number; transition: { duration: number; }; }; }' is not assignable to type 'Variants'.
  Property 'visible' is incompatible with index signature.
    Type '{ opacity: number; y: number; transition: { duration: number; ease: string; }; }' is not assignable to type 'Variant'.
      Type '{ opacity: number; y: number; transition: { duration: number; ease: string; }; }' is not assignable to type 'TargetAndTransition'.
        Type '{ opacity: number; y: number; transition: { duration: number; ease: string; }; }' is not assignable to type '{ transition?: Transition<any> | undefined; transitionEnd?: ResolvedValues | undefined; }'.
          Types of property 'transition' are incompatible.
            Type '{ duration: number; ease: string; }' is not assignable to type 'Transition<any> | undefined'.
              Type '{ duration: number; ease: string; }' is not assignable to type 'TransitionWithValueOverrides<any>'.
                Type '{ duration: number; ease: string; }' is not assignable to type 'ValueAnimationTransition<any>'.
                  Types of property 'ease' are incompatible.
                    Type 'string' is not assignable to type 'Easing | Easing[] | undefined'.
src/app/nodes/apply/page.tsx(272,42): error TS2322: Type '{ hidden: { opacity: number; y: number; }; visible: { opacity: number; y: number; transition: { duration: number; ease: string; }; }; exit: { opacity: number; y: number; transition: { duration: number; }; }; }' is not assignable to type 'Variants'.
  Property 'visible' is incompatible with index signature.
    Type '{ opacity: number; y: number; transition: { duration: number; ease: string; }; }' is not assignable to type 'Variant'.
      Type '{ opacity: number; y: number; transition: { duration: number; ease: string; }; }' is not assignable to type 'TargetAndTransition'.
        Type '{ opacity: number; y: number; transition: { duration: number; ease: string; }; }' is not assignable to type '{ transition?: Transition<any> | undefined; transitionEnd?: ResolvedValues | undefined; }'.
          Types of property 'transition' are incompatible.
            Type '{ duration: number; ease: string; }' is not assignable to type 'Transition<any> | undefined'.
              Type '{ duration: number; ease: string; }' is not assignable to type 'TransitionWithValueOverrides<any>'.
                Type '{ duration: number; ease: string; }' is not assignable to type 'ValueAnimationTransition<any>'.
                  Types of property 'ease' are incompatible.
                    Type 'string' is not assignable to type 'Easing | Easing[] | undefined'.
src/app/nodes/apply/page.tsx(290,40): error TS2322: Type '{ hidden: { opacity: number; y: number; }; visible: { opacity: number; y: number; transition: { duration: number; ease: string; }; }; exit: { opacity: number; y: number; transition: { duration: number; }; }; }' is not assignable to type 'Variants'.
  Property 'visible' is incompatible with index signature.
    Type '{ opacity: number; y: number; transition: { duration: number; ease: string; }; }' is not assignable to type 'Variant'.
      Type '{ opacity: number; y: number; transition: { duration: number; ease: string; }; }' is not assignable to type 'TargetAndTransition'.
        Type '{ opacity: number; y: number; transition: { duration: number; ease: string; }; }' is not assignable to type '{ transition?: Transition<any> | undefined; transitionEnd?: ResolvedValues | undefined; }'.
          Types of property 'transition' are incompatible.
            Type '{ duration: number; ease: string; }' is not assignable to type 'Transition<any> | undefined'.
              Type '{ duration: number; ease: string; }' is not assignable to type 'TransitionWithValueOverrides<any>'.
                Type '{ duration: number; ease: string; }' is not assignable to type 'ValueAnimationTransition<any>'.
                  Types of property 'ease' are incompatible.
                    Type 'string' is not assignable to type 'Easing | Easing[] | undefined'.
src/app/nodes/apply/page.tsx(347,39): error TS2322: Type '{ hidden: { opacity: number; y: number; }; visible: { opacity: number; y: number; transition: { duration: number; ease: string; }; }; exit: { opacity: number; y: number; transition: { duration: number; }; }; }' is not assignable to type 'Variants'.
  Property 'visible' is incompatible with index signature.
    Type '{ opacity: number; y: number; transition: { duration: number; ease: string; }; }' is not assignable to type 'Variant'.
      Type '{ opacity: number; y: number; transition: { duration: number; ease: string; }; }' is not assignable to type 'TargetAndTransition'.
        Type '{ opacity: number; y: number; transition: { duration: number; ease: string; }; }' is not assignable to type '{ transition?: Transition<any> | undefined; transitionEnd?: ResolvedValues | undefined; }'.
          Types of property 'transition' are incompatible.
            Type '{ duration: number; ease: string; }' is not assignable to type 'Transition<any> | undefined'.
              Type '{ duration: number; ease: string; }' is not assignable to type 'TransitionWithValueOverrides<any>'.
                Type '{ duration: number; ease: string; }' is not assignable to type 'ValueAnimationTransition<any>'.
                  Types of property 'ease' are incompatible.
                    Type 'string' is not assignable to type 'Easing | Easing[] | undefined'.
src/app/nodes/apply/page.tsx(371,40): error TS2322: Type '{ hidden: { opacity: number; y: number; }; visible: { opacity: number; y: number; transition: { duration: number; ease: string; }; }; exit: { opacity: number; y: number; transition: { duration: number; }; }; }' is not assignable to type 'Variants'.
  Property 'visible' is incompatible with index signature.
    Type '{ opacity: number; y: number; transition: { duration: number; ease: string; }; }' is not assignable to type 'Variant'.
      Type '{ opacity: number; y: number; transition: { duration: number; ease: string; }; }' is not assignable to type 'TargetAndTransition'.
        Type '{ opacity: number; y: number; transition: { duration: number; ease: string; }; }' is not assignable to type '{ transition?: Transition<any> | undefined; transitionEnd?: ResolvedValues | undefined; }'.
          Types of property 'transition' are incompatible.
            Type '{ duration: number; ease: string; }' is not assignable to type 'Transition<any> | undefined'.
              Type '{ duration: number; ease: string; }' is not assignable to type 'TransitionWithValueOverrides<any>'.
                Type '{ duration: number; ease: string; }' is not assignable to type 'ValueAnimationTransition<any>'.
                  Types of property 'ease' are incompatible.
                    Type 'string' is not assignable to type 'Easing | Easing[] | undefined'.
src/app/nodes/apply/page.tsx(408,43): error TS2322: Type '{ hidden: { opacity: number; y: number; }; visible: { opacity: number; y: number; transition: { duration: number; ease: string; }; }; exit: { opacity: number; y: number; transition: { duration: number; }; }; }' is not assignable to type 'Variants'.
  Property 'visible' is incompatible with index signature.
    Type '{ opacity: number; y: number; transition: { duration: number; ease: string; }; }' is not assignable to type 'Variant'.
      Type '{ opacity: number; y: number; transition: { duration: number; ease: string; }; }' is not assignable to type 'TargetAndTransition'.
        Type '{ opacity: number; y: number; transition: { duration: number; ease: string; }; }' is not assignable to type '{ transition?: Transition<any> | undefined; transitionEnd?: ResolvedValues | undefined; }'.
          Types of property 'transition' are incompatible.
            Type '{ duration: number; ease: string; }' is not assignable to type 'Transition<any> | undefined'.
              Type '{ duration: number; ease: string; }' is not assignable to type 'TransitionWithValueOverrides<any>'.
                Type '{ duration: number; ease: string; }' is not assignable to type 'ValueAnimationTransition<any>'.
                  Types of property 'ease' are incompatible.
                    Type 'string' is not assignable to type 'Easing | Easing[] | undefined'.
src/app/touchpoint/setup/page.tsx(79,20): error TS2367: This comparison appears to be unintentional because the types '"kiosk"' and '"kds"' have no overlap.
src/components/dashboard/WidgetsGrid.tsx(6,69): error TS2306: File 'U:/BasaltSurge/portalpay-official/src/lib/hooks/use-graphql.ts' is not a module.
src/components/inventory/InventoryAnalyticsPanel.tsx(7,79): error TS2306: File 'U:/BasaltSurge/portalpay-official/src/components/ui/select.tsx' is not a module.
src/components/inventory/InventoryAnalyticsPanel.tsx(9,90): error TS2306: File 'U:/BasaltSurge/portalpay-official/src/components/ui/dropdown-menu.tsx' is not a module.
src/components/inventory/InventoryAnalyticsPanel.tsx(31,8): error TS2306: File 'U:/BasaltSurge/portalpay-official/src/lib/hooks/use-graphql.ts' is not a module.
src/components/inventory/InventoryReportsPanel.tsx(8,80): error TS2306: File 'U:/BasaltSurge/portalpay-official/src/lib/hooks/use-graphql.ts' is not a module.
src/components/inventory/StockMovementChart.tsx(6,79): error TS2306: File 'U:/BasaltSurge/portalpay-official/src/components/ui/select.tsx' is not a module.
src/components/providers/apollo-provider.tsx(3,32): error TS2307: Cannot find module '@apollo/client' or its corresponding type declarations.
src/components/robotic-fleets/api-test.tsx(16,23): error TS2307: Cannot find module 'sonner' or its corresponding type declarations.
src/components/robotic-fleets/robot-dashboard.tsx(26,23): error TS2307: Cannot find module 'sonner' or its corresponding type declarations.
src/components/robotic-fleets/robot-map-view.tsx(20,23): error TS2307: Cannot find module 'sonner' or its corresponding type declarations.
src/components/robotic-fleets/workflow-creator.tsx(8,79): error TS2306: File 'U:/BasaltSurge/portalpay-official/src/components/ui/select.tsx' is not a module.
src/components/robotic-fleets/workflow-creator.tsx(293,74): error TS7006: Parameter 'v' implicitly has an 'any' type.
src/components/robotic-fleets/workflow-creator.tsx(525,43): error TS7006: Parameter 'action' implicitly has an 'any' type.
src/components/shop/PublishingDetails.tsx(61,18): error TS18048: 'pageCount' is possibly 'undefined'.
src/components/team/RosterPanel.tsx(9,79): error TS2306: File 'U:/BasaltSurge/portalpay-official/src/components/ui/select.tsx' is not a module.
src/components/team/RosterPanel.tsx(10,23): error TS2307: Cannot find module 'sonner' or its corresponding type declarations.
src/components/team/RosterPanel.tsx(14,80): error TS2306: File 'U:/BasaltSurge/portalpay-official/src/components/ui/command.tsx' is not a module.
src/components/team/RosterPanel.tsx(231,27): error TS7006: Parameter 'checked' implicitly has an 'any' type.
src/components/team/RosterPanel.tsx(604,143): error TS7006: Parameter 'v' implicitly has an 'any' type.
src/components/team/RosterPanel.tsx(717,37): error TS7006: Parameter 'id' implicitly has an 'any' type.
src/components/terminal/TerminalSessionManager.tsx(378,41): error TS2353: Object literal may only specify known properties, and 'className' does not exist in type 'ConnectButton_connectModalOptions'.
src/components/ui/checkbox.tsx(4,36): error TS2307: Cannot find module '@radix-ui/react-checkbox' or its corresponding type declarations.
src/components/ui/form.tsx(14,8): error TS2307: Cannot find module 'react-hook-form' or its corresponding type declarations.
src/components/ui/navigation-menu.tsx(2,42): error TS2307: Cannot find module '@radix-ui/react-navigation-menu' or its corresponding type declarations.
src/components/ui/progress.tsx(2,36): error TS2307: Cannot find module '@radix-ui/react-progress' or its corresponding type declarations.
src/components/ui/sonner.tsx(4,49): error TS2307: Cannot find module 'sonner' or its corresponding type declarations.
src/components/varuni/chat/voice-chat.tsx(6,132): error TS2306: File 'U:/BasaltSurge/portalpay-official/src/components/ui/dropdown-menu.tsx' is not a module.
src/components/varuni/chat/voice-chat.tsx(675,48): error TS7006: Parameter 'e' implicitly has an 'any' type.
src/lib/apk-builder.ts(452,49): error TS2322: Type 'Date' is not assignable to type 'string'.
src/lib/apk-signer.ts(185,9): error TS2322: Type 'PrivateKey' is not assignable to type 'string | PrivateKey'.
  Type 'Buffer<ArrayBufferLike>' is not assignable to type 'string | PrivateKey'.
src/lib/apk-signer.ts(191,49): error TS2322: Type 'Date' is not assignable to type 'string'.
src/lib/apollo-client.ts(1,67): error TS2307: Cannot find module '@apollo/client' or its corresponding type declarations.
src/lib/apollo-client.ts(2,28): error TS2307: Cannot find module '@apollo/client/link/context' or its corresponding type declarations.
src/lib/apollo-client.ts(3,25): error TS2307: Cannot find module '@apollo/client/link/error' or its corresponding type declarations.
src/lib/apollo-client.ts(11,30): error TS7006: Parameter '_' implicitly has an 'any' type.
src/lib/apollo-client.ts(11,35): error TS7031: Binding element 'headers' implicitly has an 'any' type.
src/lib/apollo-client.ts(24,30): error TS7031: Binding element 'graphQLErrors' implicitly has an 'any' type.
src/lib/apollo-client.ts(24,45): error TS7031: Binding element 'networkError' implicitly has an 'any' type.
src/lib/apollo-client.ts(26,30): error TS7031: Binding element 'message' implicitly has an 'any' type.
src/lib/apollo-client.ts(26,39): error TS7031: Binding element 'locations' implicitly has an 'any' type.
src/lib/apollo-client.ts(26,50): error TS7031: Binding element 'path' implicitly has an 'any' type.
src/lib/apollo-client.ts(55,34): error TS7006: Parameter 'incoming' implicitly has an 'any' type.
src/lib/apollo-client.ts(61,34): error TS7006: Parameter 'incoming' implicitly has an 'any' type.
src/lib/apollo-client.ts(67,19): error TS7006: Parameter '_' implicitly has an 'any' type.
src/lib/apollo-client.ts(67,22): error TS7006: Parameter 'incoming' implicitly has an 'any' type.
src/lib/apollo-client.ts(72,19): error TS7006: Parameter '_' implicitly has an 'any' type.
src/lib/apollo-client.ts(72,22): error TS7006: Parameter 'incoming' implicitly has an 'any' type.
src/lib/db/create-admin.ts(2,22): error TS2306: File 'U:/BasaltSurge/portalpay-official/src/lib/models/User.ts' is not a module.
src/lib/db/seed-sample-data.ts(3,31): error TS2306: File 'U:/BasaltSurge/portalpay-official/src/lib/models/InventoryItem.ts' is not a module.
src/lib/db/seed-sample-data.ts(4,28): error TS2306: File 'U:/BasaltSurge/portalpay-official/src/lib/models/TeamMember.ts' is not a module.
src/lib/db/seed-sample-data.ts(5,27): error TS2306: File 'U:/BasaltSurge/portalpay-official/src/lib/models/Analytics.ts' is not a module.
src/lib/db/seed-sample-data.ts(6,22): error TS2306: File 'U:/BasaltSurge/portalpay-official/src/lib/models/User.ts' is not a module.
src/lib/db/seed-sample-data.ts(7,30): error TS2306: File 'U:/BasaltSurge/portalpay-official/src/lib/models/PerformanceEntry.ts' is not a module.
src/lib/db/seed.ts(3,22): error TS2306: File 'U:/BasaltSurge/portalpay-official/src/lib/models/User.ts' is not a module.
src/lib/db/seed.ts(4,28): error TS2306: File 'U:/BasaltSurge/portalpay-official/src/lib/models/TeamMember.ts' is not a module.
src/lib/db/seed.ts(7,31): error TS2306: File 'U:/BasaltSurge/portalpay-official/src/lib/models/InventoryItem.ts' is not a module.
src/lib/db/seed.ts(8,38): error TS2306: File 'U:/BasaltSurge/portalpay-official/src/lib/models/InventoryTransaction.ts' is not a module.
src/lib/db/seed.ts(9,31): error TS2306: File 'U:/BasaltSurge/portalpay-official/src/lib/models/PurchaseOrder.ts' is not a module.
src/lib/db/seed.ts(15,27): error TS2306: File 'U:/BasaltSurge/portalpay-official/src/lib/models/Analytics.ts' is not a module.
src/lib/db/seed.ts(17,30): error TS2306: File 'U:/BasaltSurge/portalpay-official/src/lib/models/PerformanceEntry.ts' is not a module.
src/lib/db/seed.ts(992,33): error TS7006: Parameter 'item' implicitly has an 'any' type.
src/lib/db/seed.ts(992,39): error TS7006: Parameter 'index' implicitly has an 'any' type.
src/lib/db/seed.ts(1194,49): error TS7006: Parameter 'member' implicitly has an 'any' type.
src/lib/graphql/demo-resolvers.ts(1501,3): error TS2322: Type '({ id: string; quantity: number; unit: string; note: string | undefined; part: DemoInventoryItem; } | null)[]' is not assignable to type 'DemoRecommendedPart[]'.
  Type '{ id: string; quantity: number; unit: string; note: string | undefined; part: DemoInventoryItem; } | null' is not assignable to type 'DemoRecommendedPart'.
    Type 'null' is not assignable to type 'DemoRecommendedPart'.
src/lib/graphql/demo-resolvers.ts(1513,31): error TS2677: A type predicate's type must be assignable to its parameter's type.
  Type 'DemoRecommendedPart' is not assignable to type '{ id: string; quantity: number; unit: string; note: string | undefined; part: DemoInventoryItem; }'.
    Property 'note' is optional in type 'DemoRecommendedPart' but required in type '{ id: string; quantity: number; unit: string; note: string | undefined; part: DemoInventoryItem; }'.
src/lib/graphql/demo-resolvers.ts(1528,3): error TS2322: Type '({ id: string; servicePackage: DemoServicePackage; status: string; estimatedHours: number | undefined; actualHours: undefined; estimatedPrice: number | undefined; approved: boolean; technicianNotes: string | undefined; } | null)[]' is not assignable to type 'DemoTicketService[]'.
  Type '{ id: string; servicePackage: DemoServicePackage; status: string; estimatedHours: number | undefined; actualHours: undefined; estimatedPrice: number | undefined; approved: boolean; technicianNotes: string | undefined; } | null' is not assignable to type 'DemoTicketService'.
    Type 'null' is not assignable to type 'DemoTicketService'.
src/lib/graphql/demo-resolvers.ts(1543,31): error TS2677: A type predicate's type must be assignable to its parameter's type.
  Type 'DemoTicketService' is not assignable to type '{ id: string; servicePackage: DemoServicePackage; status: string; estimatedHours: number | undefined; actualHours: undefined; estimatedPrice: number | undefined; approved: boolean; technicianNotes: string | undefined; }'.
    Property 'estimatedHours' is optional in type 'DemoTicketService' but required in type '{ id: string; servicePackage: DemoServicePackage; status: string; estimatedHours: number | undefined; actualHours: undefined; estimatedPrice: number | undefined; approved: boolean; technicianNotes: string | undefined; }'.
src/lib/graphql/resolvers.ts(1,22): error TS2306: File 'U:/BasaltSurge/portalpay-official/src/lib/models/User.ts' is not a module.
src/lib/graphql/resolvers.ts(2,41): error TS2306: File 'U:/BasaltSurge/portalpay-official/src/lib/models/TeamMember.ts' is not a module.
src/lib/graphql/resolvers.ts(4,31): error TS2306: File 'U:/BasaltSurge/portalpay-official/src/lib/models/InventoryItem.ts' is not a module.
src/lib/graphql/resolvers.ts(7,31): error TS2306: File 'U:/BasaltSurge/portalpay-official/src/lib/models/PurchaseOrder.ts' is not a module.
src/lib/graphql/resolvers.ts(8,27): error TS2306: File 'U:/BasaltSurge/portalpay-official/src/lib/models/Analytics.ts' is not a module.
src/lib/graphql/resolvers.ts(9,38): error TS2306: File 'U:/BasaltSurge/portalpay-official/src/lib/models/InventoryTransaction.ts' is not a module.
src/lib/graphql/resolvers.ts(10,24): error TS2306: File 'U:/BasaltSurge/portalpay-official/src/lib/models/Recipe.ts' is not a module.
src/lib/graphql/resolvers.ts(11,27): error TS2306: File 'U:/BasaltSurge/portalpay-official/src/lib/models/ToastEmployee.ts' is not a module.
src/lib/graphql/resolvers.ts(22,29): error TS2306: File 'U:/BasaltSurge/portalpay-official/src/lib/models/MenuMapping.ts' is not a module.
src/lib/graphql/resolvers.ts(24,28): error TS2306: File 'U:/BasaltSurge/portalpay-official/src/lib/services/toast-api-client.ts' is not a module.
src/lib/graphql/resolvers.ts(230,28): error TS2304: Cannot find name 'ensureObjectId'.
src/lib/graphql/resolvers.ts(280,30): error TS7006: Parameter 'member' implicitly has an 'any' type.
src/lib/graphql/resolvers.ts(1479,26): error TS2304: Cannot find name 'ensureObjectId'.
src/lib/graphql/resolvers.ts(1481,26): error TS7006: Parameter 'id' implicitly has an 'any' type.
src/lib/graphql/resolvers.ts(1496,26): error TS7006: Parameter 'name' implicitly has an 'any' type.
src/lib/graphql/resolvers.ts(1509,68): error TS2304: Cannot find name 'ensureObjectId'.
src/lib/graphql/resolvers.ts(1570,16): error TS7006: Parameter 'emp' implicitly has an 'any' type.
src/lib/graphql/resolvers.ts(1571,20): error TS7006: Parameter 'email' implicitly has an 'any' type.
src/lib/graphql/resolvers.ts(1579,33): error TS7006: Parameter 'tm' implicitly has an 'any' type.
src/lib/graphql/resolvers.ts(1583,47): error TS7006: Parameter 'emp' implicitly has an 'any' type.
src/lib/graphql/resolvers.ts(1591,52): error TS2339: Property 'performance' does not exist on type '{}'.
src/lib/graphql/resolvers.ts(1592,40): error TS2339: Property 'performance' does not exist on type '{}'.
src/lib/graphql/resolvers.ts(1600,69): error TS7006: Parameter 'j' implicitly has an 'any' type.
src/lib/graphql/resolvers.ts(1601,43): error TS2339: Property 'department' does not exist on type '{}'.
src/lib/graphql/resolvers.ts(1610,38): error TS7006: Parameter 'c' implicitly has an 'any' type.
src/lib/graphql/resolvers.ts(1612,38): error TS7006: Parameter 'c' implicitly has an 'any' type.
src/lib/graphql/schema.ts(1,21): error TS2307: Cannot find module '@apollo/client' or its corresponding type declarations.
src/lib/hardware/useSecureHardware.ts(3,10): error TS2724: '"./DeviceCapabilities"' has no exported member named 'useHardwareProfile'. Did you mean 'HardwareProfile'?
src/lib/hooks/use-toast-integration.ts(2,23): error TS2307: Cannot find module 'sonner' or its corresponding type declarations.
src/lib/models/InventoryCount.ts(150,5): error TS2533: Object is possibly 'null' or 'undefined'.
src/lib/models/InventoryCount.ts(151,5): error TS2533: Object is possibly 'null' or 'undefined'.
src/lib/models/InventoryCount.ts(152,5): error TS2533: Object is possibly 'null' or 'undefined'.
src/lib/models/InventoryCount.ts(153,5): error TS2533: Object is possibly 'null' or 'undefined'.
src/lib/models/InventoryCount.ts(156,5): error TS2533: Object is possibly 'null' or 'undefined'.
src/lib/models/InventoryCount.ts(161,5): error TS2533: Object is possibly 'null' or 'undefined'.
src/lib/models/InventoryCount.ts(161,56): error TS2533: Object is possibly 'null' or 'undefined'.
src/lib/models/InventoryCount.ts(163,3): error TS2349: This expression is not callable.
  Type 'SaveOptions' has no call signatures.
src/lib/models/Invoice.ts(252,3): error TS2349: This expression is not callable.
  Type 'SaveOptions' has no call signatures.
src/lib/node-staking.ts(33,39): error TS2307: Cannot find module 'ethers' or its corresponding type declarations.
src/lib/services/bear-cloud-server.ts(230,36): error TS2345: Argument of type 'string | undefined' is not assignable to parameter of type 'string'.
  Type 'undefined' is not assignable to type 'string'.
src/lib/services/bear-cloud-server.ts(367,7): error TS2322: Type 'unknown[]' is not assignable to type 'WorkflowData[]'.
  Type 'unknown' is not assignable to type 'WorkflowData'.
src/lib/services/bear-cloud-server.ts(391,7): error TS2740: Type '{}' is missing the following properties from type 'WorkflowData': id, name, keyframes, status, and 2 more.
src/lib/services/rag.ts(2,23): error TS2306: File 'U:/BasaltSurge/portalpay-official/src/lib/models/Embedding.ts' is not a module.
src/lib/services/rag.ts(34,26): error TS7006: Parameter 'd' implicitly has an 'any' type.
src/lib/services/rag.ts(35,10): error TS7006: Parameter 'a' implicitly has an 'any' type.
src/lib/services/rag.ts(35,13): error TS7006: Parameter 'b' implicitly has an 'any' type.
src/lib/services/rag.ts(37,8): error TS7006: Parameter 'd' implicitly has an 'any' type.
src/lib/services/toast-auth.ts(2,31): error TS2306: File 'U:/BasaltSurge/portalpay-official/src/lib/services/toast-error-handler.ts' is not a module.
src/lib/services/toast-complete-api.ts(6,28): error TS2306: File 'U:/BasaltSurge/portalpay-official/src/lib/services/toast-api-client.ts' is not a module.
src/lib/services/toast-sync.ts(1,28): error TS2306: File 'U:/BasaltSurge/portalpay-official/src/lib/services/toast-api-client.ts' is not a module.
src/lib/services/toast-sync.ts(2,27): error TS2306: File 'U:/BasaltSurge/portalpay-official/src/lib/models/ToastEmployee.ts' is not a module.
src/lib/shop-templates/template-sdk.ts(14,15): error TS2305: Module '"./types"' has no exported member 'SectionType'.
src/lib/storage/azure/provider.ts(80,31): error TS2339: Property 'deleteIfExists' does not exist on type 'BlockBlobClient'.
src/lib/storage/azure/provider.ts(94,65): error TS2339: Property 'download' does not exist on type 'BlockBlobClient'.
src/lib/storage/azure/provider.ts(112,36): error TS2339: Property 'exists' does not exist on type 'ContainerClient'.
src/lib/storage/azure/provider.ts(125,17): error TS2339: Property 'generateBlobSASQueryParameters' does not exist on type '{ default: typeof import("@azure/storage-blob"); BlobServiceClient: typeof BlobServiceClient; ContainerClient: typeof ContainerClient; BlockBlobClient: typeof BlockBlobClient; }'.
src/lib/storage/azure/provider.ts(125,49): error TS2339: Property 'BlobSASPermissions' does not exist on type '{ default: typeof import("@azure/storage-blob"); BlobServiceClient: typeof BlobServiceClient; ContainerClient: typeof ContainerClient; BlockBlobClient: typeof BlockBlobClient; }'.
src/lib/storage/azure/provider.ts(125,69): error TS2339: Property 'StorageSharedKeyCredential' does not exist on type '{ default: typeof import("@azure/storage-blob"); BlobServiceClient: typeof BlobServiceClient; ContainerClient: typeof ContainerClient; BlockBlobClient: typeof BlockBlobClient; }'.
src/lib/storage/hybrid/provider.ts(51,117): error TS2339: Property 'message' does not exist on type 'never'.
src/lib/storage/s3/provider.ts(7,13): error TS2564: Property 'client' has no initializer and is not definitely assigned in the constructor.
