02-03 23:25:36.567 I/PackageWatchdog( 1102): Not pruning observers, elapsed time: 0ms
02-03 23:25:36.567 D/PackageWatchdog( 1102): rescue-party-observer added the following packages to monitor [android]
02-03 23:25:36.567 I/PackageWatchdog( 1102): Syncing state, reason: updated observers
02-03 23:25:36.567 I/PackageWatchdog( 1102): Not pruning observers, elapsed time: 0ms
02-03 23:25:36.567 I/PackageWatchdog( 1102): Syncing state, reason: observing new packages
02-03 23:25:36.567 I/PackageWatchdog( 1102): Not pruning observers, elapsed time: 0ms
02-03 23:25:36.567 D/PackageWatchdog( 1102): rescue-party-observer added the following packages to monitor [android]
02-03 23:25:36.567 I/PackageWatchdog( 1102): Syncing state, reason: updated observers
02-03 23:25:36.567 I/PackageWatchdog( 1102): Not pruning observers, elapsed time: 0ms
02-03 23:25:36.569 I/PackageWatchdog( 1102): Saving observer state to file
02-03 23:25:36.570 I/RescueParty( 1102): Starting to observe: [android], updated namespace: tethering
02-03 23:25:36.572 I/ExplicitHealthCheckController( 1102): Explicit health check service is bound
02-03 23:25:36.576 I/PackageWatchdog( 1102): Syncing health check requests for packages: {}
02-03 23:25:36.576 I/ExplicitHealthCheckController( 1102): Service not ready to get health check supported packages. Binding...
02-03 23:25:36.576 I/ExplicitHealthCheckController( 1102): Not binding to service, service already connecting
02-03 23:25:36.576 I/PackageWatchdog( 1102): Syncing state, reason: observing new packages
02-03 23:25:36.576 D/PackageWatchdog( 1102): rescue-party-observer added the following packages to monitor [android]
02-03 23:25:36.576 I/PackageWatchdog( 1102): Syncing state, reason: updated observers
02-03 23:25:36.576 I/PackageWatchdog( 1102): Not pruning observers, elapsed time: 0ms
02-03 23:25:36.576 I/PackageWatchdog( 1102): Saving observer state to file
02-03 23:25:36.579 I/ExplicitHealthCheckController( 1102): Explicit health check service is connected ComponentInfo{android.ext.services/android.ext.services.watchdog.ExplicitHealthCheckServiceImpl}
02-03 23:25:36.580 I/ExplicitHealthCheckController( 1102): Service initialized, syncing requests
02-03 23:25:36.583 I/PackageWatchdog( 1102): Syncing health check requests for packages: {}
02-03 23:25:36.583 D/ExplicitHealthCheckController( 1102): Getting health check supported packages
02-03 23:25:36.587 I/ExplicitHealthCheckController( 1102): Explicit health check supported packages [PackageConfig{com.android.networkstack, 86400000}]
02-03 23:25:36.588 D/PackageWatchdog( 1102): Received supported packages [PackageConfig{com.android.networkstack, 86400000}]
02-03 23:25:36.588 D/ExplicitHealthCheckController( 1102): Getting health check requested packages
02-03 23:25:36.589 I/ExplicitHealthCheckController( 1102): Explicit health check requested packages []
02-03 23:25:36.589 I/ExplicitHealthCheckController( 1102): No more health check requests, unbinding...
02-03 23:25:36.590 E/SettingsToPropertiesMapper( 1102): Unable to set property persist.device_config.tethering.ingress_to_vpn_address_filtering value '0'
02-03 23:25:36.590 E/SettingsToPropertiesMapper( 1102): java.lang.RuntimeException: failed to set system property (check logcat for reason)
02-03 23:25:36.590 E/SettingsToPropertiesMapper( 1102): 	at android.os.SystemProperties.native_set(Native Method)
02-03 23:25:36.590 E/SettingsToPropertiesMapper( 1102): 	at android.os.SystemProperties.set(SystemProperties.java:235)
02-03 23:25:36.590 E/SettingsToPropertiesMapper( 1102): 	at com.android.server.am.SettingsToPropertiesMapper.setProperty(SettingsToPropertiesMapper.java:248)
02-03 23:25:36.590 E/SettingsToPropertiesMapper( 1102): 	at com.android.server.am.SettingsToPropertiesMapper.lambda$updatePropertiesFromSettings$0$com-android-server-am-SettingsToPropertiesMapper(SettingsToPropertiesMapper.java:162)
02-03 23:25:36.590 E/SettingsToPropertiesMapper( 1102): 	at com.android.server.am.SettingsToPropertiesMapper$$ExternalSyntheticLambda0.onPropertiesChanged(Unknown Source:2)
02-03 23:25:36.590 E/SettingsToPropertiesMapper( 1102): 	at android.provider.DeviceConfig.lambda$handleChange$0(DeviceConfig.java:1190)
02-03 23:25:36.590 E/SettingsToPropertiesMapper( 1102): 	at android.provider.DeviceConfig$$ExternalSyntheticLambda0.run(Unknown Source:4)
02-03 23:25:36.590 E/SettingsToPropertiesMapper( 1102): 	at java.util.concurrent.ThreadPoolExecutor.runWorker(ThreadPoolExecutor.java:1137)
02-03 23:25:36.590 E/SettingsToPropertiesMapper( 1102): 	at java.util.concurrent.ThreadPoolExecutor$Worker.run(ThreadPoolExecutor.java:637)
02-03 23:25:36.590 E/SettingsToPropertiesMapper( 1102): 	at java.lang.Thread.run(Thread.java:1012)
02-03 23:25:36.592 I/ExplicitHealthCheckController( 1102): Explicit health check service is unbound
02-03 23:25:36.594 E/SettingsToPropertiesMapper( 1102): Unable to set property persist.device_config.tethering.bpf_net_maps_enable_java_bpf_map value '0'
02-03 23:25:36.594 E/SettingsToPropertiesMapper( 1102): java.lang.RuntimeException: failed to set system property (check logcat for reason)
02-03 23:25:36.594 E/SettingsToPropertiesMapper( 1102): 	at android.os.SystemProperties.native_set(Native Method)
02-03 23:25:36.594 E/SettingsToPropertiesMapper( 1102): 	at android.os.SystemProperties.set(SystemProperties.java:235)
02-03 23:25:36.594 E/SettingsToPropertiesMapper( 1102): 	at com.android.server.am.SettingsToPropertiesMapper.setProperty(SettingsToPropertiesMapper.java:248)
02-03 23:25:36.594 E/SettingsToPropertiesMapper( 1102): 	at com.android.server.am.SettingsToPropertiesMapper.lambda$updatePropertiesFromSettings$0$com-android-server-am-SettingsToPropertiesMapper(SettingsToPropertiesMapper.java:162)
02-03 23:25:36.594 E/SettingsToPropertiesMapper( 1102): 	at com.android.server.am.SettingsToPropertiesMapper$$ExternalSyntheticLambda0.onPropertiesChanged(Unknown Source:2)
02-03 23:25:36.594 E/SettingsToPropertiesMapper( 1102): 	at android.provider.DeviceConfig.lambda$handleChange$0(DeviceConfig.java:1190)
02-03 23:25:36.594 E/SettingsToPropertiesMapper( 1102): 	at android.provider.DeviceConfig$$ExternalSyntheticLambda0.run(Unknown Source:4)
02-03 23:25:36.594 E/SettingsToPropertiesMapper( 1102): 	at java.util.concurrent.ThreadPoolExecutor.runWorker(ThreadPoolExecutor.java:1137)
02-03 23:25:36.594 E/SettingsToPropertiesMapper( 1102): 	at java.util.concurrent.ThreadPoolExecutor$Worker.run(ThreadPoolExecutor.java:637)
02-03 23:25:36.594 E/SettingsToPropertiesMapper( 1102): 	at java.lang.Thread.run(Thread.java:1012)
02-03 23:25:48.044 D/PowerUI ( 1296): new_low_battery_warning PowerUi onReceive Intent.ACTION_BATTERY_CHANGED mLastBatteryTemperature=306,mBatteryTemperature=302,mBatteryLevel=98
02-03 23:25:48.044 D/PowerUI ( 1296): new_low_battery_warning BatteryTemperature        306 --> 302
02-03 23:25:48.044 D/PowerUI ( 1296): new_low_battery_warning level          98 --> 98
02-03 23:25:48.044 D/PowerUI ( 1296): new_low_battery_warning status         3 --> 3
02-03 23:25:48.044 D/PowerUI ( 1296): new_low_battery_warning plugType       0 --> 0
02-03 23:25:48.044 D/PowerUI ( 1296): new_low_battery_warning plugged        false --> false
02-03 23:25:48.044 D/PowerUI ( 1296): new_low_battery_warning lowBatteryWarningType=4
02-03 23:25:48.044 D/PowerUI ( 1296): new_low_battery_warning close AlertDialog
02-03 23:25:50.192 D/OomAdjuster( 1102): Not killing cached processes
02-03 23:25:57.013 D/OomAdjuster( 1102): Not killing cached processes
02-03 23:26:38.876 W/Looper  ( 1102): Slow delivery took 466ms main h=android.os.Handler c=com.android.internal.os.BinderCallsStats$1@8021ae3 m=0
02-03 23:26:38.894 W/Looper  ( 1102): Drained
02-03 23:26:46.448 W/Looper  ( 1102): Slow delivery took 551ms main h=android.os.Handler c=com.android.internal.os.BinderCallsStats$1@8021ae3 m=0
02-03 23:26:48.880 W/Looper  ( 1102): Drained
02-03 23:26:48.883 D/PowerUI ( 1296): new_low_battery_warning PowerUi onReceive Intent.ACTION_BATTERY_CHANGED mLastBatteryTemperature=302,mBatteryTemperature=301,mBatteryLevel=98
02-03 23:26:48.883 D/PowerUI ( 1296): new_low_battery_warning BatteryTemperature        302 --> 301
02-03 23:26:48.883 D/PowerUI ( 1296): new_low_battery_warning level          98 --> 98
02-03 23:26:48.883 D/PowerUI ( 1296): new_low_battery_warning status         3 --> 3
02-03 23:26:48.883 D/PowerUI ( 1296): new_low_battery_warning plugType       0 --> 0
02-03 23:26:48.883 D/PowerUI ( 1296): new_low_battery_warning plugged        false --> false
02-03 23:26:48.883 D/PowerUI ( 1296): new_low_battery_warning lowBatteryWarningType=4
02-03 23:26:48.883 D/PowerUI ( 1296): new_low_battery_warning close AlertDialog
02-03 23:27:13.081 W/Looper  ( 1102): Slow delivery took 260ms main h=android.os.Handler c=com.android.internal.os.BinderCallsStats$1@8021ae3 m=0
02-03 23:27:25.477 W/Looper  ( 1102): Drained
02-03 23:27:31.432 D/OomAdjuster( 1102): Not killing cached processes
02-03 23:27:46.987 W/Looper  ( 1102): Slow delivery took 455ms main h=android.os.Handler c=com.android.internal.os.BinderCallsStats$1@8021ae3 m=0
02-03 23:27:54.979 W/BatteryExternalStatsWorker( 1102): error reading Bluetooth stats: 9
02-03 23:28:07.793 W/DeviceIdleController( 1102): motion timeout went off and device isn't stationary
02-03 23:28:07.794 W/Looper  ( 1102): Drained
02-03 23:28:17.787 E/KernelCpuSpeedReader( 1102): Failed to read cpu-freq: /sys/devices/system/cpu/cpu4/cpufreq/stats/time_in_state: open failed: ENOENT (No such file or directory)
02-03 23:28:27.196 D/OomAdjuster( 1102): Not killing cached processes
02-03 23:28:28.102 W/Looper  ( 1102): Slow delivery took 404ms main h=android.os.Handler c=com.android.internal.os.BinderCallsStats$1@8021ae3 m=0
02-03 23:28:28.144 W/Looper  ( 1102): Drained
02-03 23:28:46.686 D/OomAdjuster( 1102): Not killing cached processes
02-03 23:28:59.861 W/Looper  ( 1102): Slow delivery took 396ms main h=android.os.Handler c=com.android.internal.os.BinderCallsStats$1@8021ae3 m=0
02-03 23:29:07.068 W/Looper  ( 1102): Drained
02-03 23:29:07.083 D/DexOptExtImpl( 1102): try dex2oat for com.example.basaltsurgemobile result=0 cnt = 1
02-03 23:29:14.420 D/OomAdjuster( 1102): Not killing cached processes
02-03 23:29:34.415 D/OomAdjuster( 1102): Not killing cached processes
02-03 23:29:41.320 D/OomAdjuster( 1102): Not killing cached processes
02-03 23:29:47.830 D/PowerUI ( 1296): new_low_battery_warning PowerUi onReceive Intent.ACTION_BATTERY_CHANGED mLastBatteryTemperature=301,mBatteryTemperature=298,mBatteryLevel=98
02-03 23:29:47.830 D/PowerUI ( 1296): new_low_battery_warning BatteryTemperature        301 --> 298
02-03 23:29:47.830 D/PowerUI ( 1296): new_low_battery_warning level          98 --> 98
02-03 23:29:47.831 D/PowerUI ( 1296): new_low_battery_warning status         3 --> 3
02-03 23:29:47.831 D/PowerUI ( 1296): new_low_battery_warning plugType       0 --> 0
02-03 23:29:47.831 D/PowerUI ( 1296): new_low_battery_warning plugged        false --> false
02-03 23:29:47.831 D/PowerUI ( 1296): new_low_battery_warning lowBatteryWarningType=4
02-03 23:29:47.831 D/PowerUI ( 1296): new_low_battery_warning close AlertDialog
02-03 23:29:47.842 W/BatteryExternalStatsWorker( 1102): error reading Bluetooth stats: 9
02-03 23:29:47.887 E/KernelCpuSpeedReader( 1102): Failed to read cpu-freq: /sys/devices/system/cpu/cpu4/cpufreq/stats/time_in_state: open failed: ENOENT (No such file or directory)
02-03 23:30:00.180 W/Looper  ( 1102): Slow delivery took 458ms main h=android.os.Handler c=com.android.internal.os.BinderCallsStats$1@8021ae3 m=0
02-03 23:30:07.881 D/OomAdjuster( 1102): Not killing cached processes
02-03 23:30:08.997 W/Looper  ( 1102): Drained
02-03 23:30:22.535 W/Looper  ( 1102): Slow delivery took 536ms main h=android.os.Handler c=com.android.internal.os.BinderCallsStats$1@8021ae3 m=0
02-03 23:30:30.885 W/Looper  ( 1102): Drained
02-03 23:31:05.963 W/Looper  ( 1102): Slow delivery took 485ms main h=com.android.server.pm.SnapshotStatistics$1 c=null m=0
02-03 23:31:13.901 W/Looper  ( 1102): Drained
02-03 23:31:17.140 D/OomAdjuster( 1102): Not killing cached processes
02-03 23:31:44.449 D/OomAdjuster( 1102): Not killing cached processes
02-03 23:31:56.663 W/Looper  ( 1102): Slow delivery took 265ms main h=android.os.Handler c=com.android.internal.os.BinderCallsStats$1@8021ae3 m=0
02-03 23:32:28.085 W/Looper  ( 1102): Drained
02-03 23:32:45.312 E/KernelCpuSpeedReader( 1102): Failed to read cpu-freq: /sys/devices/system/cpu/cpu4/cpufreq/stats/time_in_state: open failed: ENOENT (No such file or directory)
02-03 23:33:11.266 D/DexOptExtImpl( 1102): try dex2oat for com.example.basaltsurgemobile result=0 cnt = 2
02-03 23:33:13.329 W/Looper  ( 1102): Slow delivery took 282ms main h=android.os.Handler c=com.android.internal.os.BinderCallsStats$1@8021ae3 m=0
02-03 23:33:27.369 W/Looper  ( 1102): Drained
02-03 23:33:32.993 D/CompatibilityChangeReporter( 1102): Compat change id reported: 135634846; UID 10029; state: DISABLED
02-03 23:33:32.994 D/CompatibilityChangeReporter( 1102): Compat change id reported: 177438394; UID 10029; state: DISABLED
02-03 23:33:32.994 D/CompatibilityChangeReporter( 1102): Compat change id reported: 135772972; UID 10029; state: DISABLED
02-03 23:33:32.995 D/CompatibilityChangeReporter( 1102): Compat change id reported: 135754954; UID 10029; state: DISABLED
02-03 23:33:32.997 D/CompatibilityChangeReporter( 1102): Compat change id reported: 143937733; UID 10029; state: DISABLED
02-03 23:33:33.013 D/OomAdjuster( 1102): Not killing cached processes
02-03 23:33:33.034 I/ActivityManager( 1102): Start proc 4085:com.google.android.configupdater/u0a29 for broadcast {com.google.android.configupdater/com.google.android.configupdater.PhenotypeBroadcastReceiver}
02-03 23:33:33.096 V/ActivityManager( 1102): New death recipient com.android.server.am.ActivityManagerService$AppDeathRecipient@16c0211 for thread android.os.BinderProxy@dc43f76
02-03 23:33:33.098 D/CompatibilityChangeReporter( 1102): Compat change id reported: 168419799; UID 10029; state: DISABLED
02-03 23:33:47.245 D/OomAdjuster( 1102): Not killing cached processes
02-03 23:33:57.275 W/Looper  ( 1102): Slow delivery took 248ms main h=android.os.Handler c=com.android.internal.os.BinderCallsStats$1@8021ae3 m=0
02-03 23:34:05.349 D/OomAdjuster( 1102): Not killing cached processes
02-03 23:34:07.119 W/Looper  ( 1102): Drained
02-03 23:34:18.188 W/Looper  ( 1102): Slow delivery took 357ms main h=android.os.Handler c=com.android.internal.os.BinderCallsStats$1@8021ae3 m=0
02-03 23:34:32.096 W/Looper  ( 1102): Drained
02-03 23:34:47.247 W/Looper  ( 1102): Slow delivery took 438ms main h=android.os.Handler c=com.android.internal.os.BinderCallsStats$1@8021ae3 m=0
02-03 23:34:54.422 D/OomAdjuster( 1102): Not killing cached processes
02-03 23:34:54.424 W/Looper  ( 1102): Drained
02-03 23:35:04.079 D/OomAdjuster( 1102): Not killing cached processes
02-03 23:35:17.400 D/PowerUI ( 1296): new_low_battery_warning PowerUi onReceive Intent.ACTION_BATTERY_CHANGED mLastBatteryTemperature=298,mBatteryTemperature=296,mBatteryLevel=98
02-03 23:35:17.400 D/PowerUI ( 1296): new_low_battery_warning BatteryTemperature        298 --> 296
02-03 23:35:17.400 D/PowerUI ( 1296): new_low_battery_warning level          98 --> 98
02-03 23:35:17.400 D/PowerUI ( 1296): new_low_battery_warning status         3 --> 3
02-03 23:35:17.400 D/PowerUI ( 1296): new_low_battery_warning plugType       0 --> 0
02-03 23:35:17.400 D/PowerUI ( 1296): new_low_battery_warning plugged        false --> false
02-03 23:35:17.400 D/PowerUI ( 1296): new_low_battery_warning lowBatteryWarningType=4
02-03 23:35:17.400 D/PowerUI ( 1296): new_low_battery_warning close AlertDialog
02-03 23:35:17.409 W/BatteryExternalStatsWorker( 1102): error reading Bluetooth stats: 9
02-03 23:35:17.459 E/KernelCpuSpeedReader( 1102): Failed to read cpu-freq: /sys/devices/system/cpu/cpu4/cpufreq/stats/time_in_state: open failed: ENOENT (No such file or directory)
02-03 23:35:24.912 D/OomAdjuster( 1102): Not killing cached processes
02-03 23:35:35.860 W/Looper  ( 1102): Slow delivery took 310ms main h=android.os.Handler c=com.android.internal.os.BinderCallsStats$1@8021ae3 m=0
02-03 23:35:37.669 W/Looper  ( 1102): Drained
02-03 23:36:07.327 W/Looper  ( 1102): Slow delivery took 375ms main h=android.os.Handler c=com.android.internal.os.BinderCallsStats$1@8021ae3 m=0
02-03 23:36:16.398 W/Looper  ( 1102): Drained
02-03 23:36:20.825 W/Looper  ( 1102): Slow delivery took 338ms main h=android.os.Handler c=com.android.internal.os.BinderCallsStats$1@8021ae3 m=0
02-03 23:36:33.472 W/Looper  ( 1102): Drained
02-03 23:36:37.345 D/DexOptExtImpl( 1102): try dex2oat for com.example.basaltsurgemobile result=0 cnt = 3
02-03 23:36:47.065 W/Looper  ( 1102): Slow delivery took 230ms main h=android.os.Handler c=com.android.internal.os.BinderCallsStats$1@8021ae3 m=0
02-03 23:36:48.872 W/Looper  ( 1102): Drained
02-03 23:36:48.875 D/PowerUI ( 1296): new_low_battery_warning PowerUi onReceive Intent.ACTION_BATTERY_CHANGED mLastBatteryTemperature=296,mBatteryTemperature=294,mBatteryLevel=98
02-03 23:36:48.875 D/PowerUI ( 1296): new_low_battery_warning BatteryTemperature        296 --> 294
02-03 23:36:48.875 D/PowerUI ( 1296): new_low_battery_warning level          98 --> 98
02-03 23:36:48.875 D/PowerUI ( 1296): new_low_battery_warning status         3 --> 3
02-03 23:36:48.875 D/PowerUI ( 1296): new_low_battery_warning plugType       0 --> 0
02-03 23:36:48.875 D/PowerUI ( 1296): new_low_battery_warning plugged        false --> false
02-03 23:36:48.875 D/PowerUI ( 1296): new_low_battery_warning lowBatteryWarningType=4
02-03 23:36:48.875 D/PowerUI ( 1296): new_low_battery_warning close AlertDialog
02-03 23:37:01.723 W/Looper  ( 1102): Slow delivery took 291ms main h=android.os.Handler c=com.android.internal.os.BinderCallsStats$1@8021ae3 m=0
02-03 23:37:02.439 W/Looper  ( 1102): Drained
02-03 23:37:14.901 W/Looper  ( 1102): Slow delivery took 245ms main h=android.os.Handler c=com.android.internal.os.BinderCallsStats$1@8021ae3 m=0
02-03 23:37:27.338 W/Looper  ( 1102): Drained
02-03 23:37:47.370 W/Looper  ( 1102): Slow delivery took 367ms main h=android.os.Handler c=com.android.internal.os.BinderCallsStats$1@8021ae3 m=0
02-03 23:37:47.389 W/Looper  ( 1102): Drained
02-03 23:38:29.780 W/Looper  ( 1102): Slow delivery took 409ms main h=com.android.server.pm.SnapshotStatistics$1 c=null m=0
02-03 23:38:47.513 W/Looper  ( 1102): Drained
02-03 23:38:48.084 W/Looper  ( 1102): Slow delivery took 284ms main h=android.os.Handler c=com.android.internal.os.BinderCallsStats$1@8021ae3 m=0
02-03 23:38:48.113 W/Looper  ( 1102): Drained
02-03 23:39:18.016 I/ActivityManager( 1102): Killing 2603:com.android.permissioncontroller/u0a86 (adj 915): empty #4
02-03 23:39:18.018 I/ActivityManager( 1102): Killing 2802:com.android.vending:background/u0a39 (adj 935): empty #5
02-03 23:39:18.019 I/ActivityManager( 1102): Killing 2358:com.google.process.gapps/u0a18 (adj 945): empty #6
02-03 23:39:18.020 I/ActivityManager( 1102): Killing 2413:android.process.acore/u0a25 (adj 955): empty #7
02-03 23:39:18.021 I/ActivityManager( 1102): Killing 2819:com.google.android.gms.unstable/u0a18 (adj 915): empty #8
02-03 23:39:18.022 I/ActivityManager( 1102): Killing 2663:com.android.vending/u0a39 (adj 975): empty #9
02-03 23:39:18.024 I/ActivityManager( 1102): Killing 2453:com.google.android.partnersetup/u0a30 (adj 925): empty #10
02-03 23:39:18.025 I/ActivityManager( 1102): Killing 2322:android.process.media/u0a24 (adj 995): empty #11
02-03 23:39:18.025 I/ActivityManager( 1102): Killing 2994:com.mediatek.omacp/1000 (adj 999): empty #12
02-03 23:39:18.056 V/ActivityManager( 1102): Death received in com.android.server.am.ActivityManagerService$AppDeathRecipient@e216949 for thread android.os.BinderProxy@9c4424e
02-03 23:39:18.109 V/ActivityManager( 1102): Death received in com.android.server.am.ActivityManagerService$AppDeathRecipient@ac0258a for thread android.os.BinderProxy@1fc37fb
02-03 23:39:18.116 V/ActivityManager( 1102): Death received in com.android.server.am.ActivityManagerService$AppDeathRecipient@43d7f2 for thread android.os.BinderProxy@fdade43
02-03 23:39:18.156 V/ActivityManager( 1102): Death received in com.android.server.am.ActivityManagerService$AppDeathRecipient@a5404d8 for thread android.os.BinderProxy@6501031
02-03 23:39:18.171 V/ActivityManager( 1102): Death received in com.android.server.am.ActivityManagerService$AppDeathRecipient@2c90f1c for thread android.os.BinderProxy@dde2725
02-03 23:39:18.188 V/ActivityManager( 1102): Death received in com.android.server.am.ActivityManagerService$AppDeathRecipient@4830fde for thread android.os.BinderProxy@e5795bf
02-03 23:39:18.199 V/ActivityManager( 1102): Death received in com.android.server.am.ActivityManagerService$AppDeathRecipient@3f6984e for thread android.os.BinderProxy@cbacd6f
02-03 23:39:18.206 V/ActivityManager( 1102): Death received in com.android.server.am.ActivityManagerService$AppDeathRecipient@3f8fb67 for thread android.os.BinderProxy@6469d14
02-03 23:39:18.219 V/ActivityManager( 1102): Death received in com.android.server.am.ActivityManagerService$AppDeathRecipient@4b6fff for thread android.os.BinderProxy@a7891cc
02-03 23:39:31.096 E/KernelCpuSpeedReader( 1102): Failed to read cpu-freq: /sys/devices/system/cpu/cpu4/cpufreq/stats/time_in_state: open failed: ENOENT (No such file or directory)
02-03 23:39:55.079 W/Looper  ( 1102): Slow delivery took 338ms main h=android.os.Handler c=com.android.internal.os.BinderCallsStats$1@8021ae3 m=0
02-03 23:40:06.855 W/Looper  ( 1102): Drained
02-03 23:40:08.790 W/Looper  ( 1102): Slow delivery took 248ms main h=android.os.Handler c=com.android.internal.os.BinderCallsStats$1@8021ae3 m=0
02-03 23:40:09.114 W/Looper  ( 1102): Drained
02-03 23:40:27.428 W/Looper  ( 1102): Slow delivery took 476ms main h=android.os.Handler c=com.android.internal.os.BinderCallsStats$1@8021ae3 m=0
02-03 23:40:34.299 W/Looper  ( 1102): Drained
02-03 23:40:38.159 W/Looper  ( 1102): Slow delivery took 401ms main h=android.os.Handler c=com.android.internal.os.BinderCallsStats$1@8021ae3 m=0
02-03 23:40:49.475 W/Looper  ( 1102): Drained
02-03 23:40:49.478 D/PowerUI ( 1296): new_low_battery_warning PowerUi onReceive Intent.ACTION_BATTERY_CHANGED mLastBatteryTemperature=294,mBatteryTemperature=291,mBatteryLevel=98
02-03 23:40:49.478 D/PowerUI ( 1296): new_low_battery_warning BatteryTemperature        294 --> 291
02-03 23:40:49.478 D/PowerUI ( 1296): new_low_battery_warning level          98 --> 98
02-03 23:40:49.478 D/PowerUI ( 1296): new_low_battery_warning status         3 --> 3
02-03 23:40:49.478 D/PowerUI ( 1296): new_low_battery_warning plugType       0 --> 0
02-03 23:40:49.478 D/PowerUI ( 1296): new_low_battery_warning plugged        false --> false
02-03 23:40:49.478 D/PowerUI ( 1296): new_low_battery_warning lowBatteryWarningType=4
02-03 23:40:49.478 D/PowerUI ( 1296): new_low_battery_warning close AlertDialog
02-03 23:40:49.485 W/BatteryExternalStatsWorker( 1102): error reading Bluetooth stats: 9
02-03 23:40:49.524 E/KernelCpuSpeedReader( 1102): Failed to read cpu-freq: /sys/devices/system/cpu/cpu4/cpufreq/stats/time_in_state: open failed: ENOENT (No such file or directory)
02-03 23:40:59.013 D/DexOptExtImpl( 1102): try dex2oat for com.example.basaltsurgemobile result=0 cnt = 4
02-03 23:41:07.162 W/Looper  ( 1102): Slow delivery took 243ms main h=android.os.Handler c=com.android.internal.os.BinderCallsStats$1@8021ae3 m=0
02-03 23:41:28.154 W/Looper  ( 1102): Drained
02-03 23:41:40.848 W/Looper  ( 1102): Slow delivery took 524ms main h=android.os.Handler c=com.android.internal.os.BinderCallsStats$1@8021ae3 m=0
02-03 23:41:49.757 W/Looper  ( 1102): Drained
02-03 23:41:58.772 W/Looper  ( 1102): Slow delivery took 317ms main h=android.os.Handler c=com.android.internal.os.BinderCallsStats$1@8021ae3 m=0
02-03 23:42:14.345 W/Looper  ( 1102): Drained
02-03 23:43:17.012 E/KernelCpuSpeedReader( 1102): Failed to read cpu-freq: /sys/devices/system/cpu/cpu4/cpufreq/stats/time_in_state: open failed: ENOENT (No such file or directory)
02-03 23:43:31.508 W/Looper  ( 1102): Slow delivery took 311ms main h=android.os.Handler c=com.android.internal.os.BinderCallsStats$1@8021ae3 m=0
02-03 23:43:43.360 W/Looper  ( 1102): Drained
02-03 23:44:07.493 W/Looper  ( 1102): Slow delivery took 492ms main h=android.os.Handler c=com.android.internal.os.BinderCallsStats$1@8021ae3 m=0
02-03 23:44:12.707 W/Looper  ( 1102): Drained
02-03 23:44:30.635 W/Looper  ( 1102): Slow delivery took 297ms main h=android.os.Handler c=com.android.internal.os.BinderCallsStats$1@8021ae3 m=0
02-03 23:44:35.877 W/Looper  ( 1102): Drained
02-03 23:44:47.430 W/Looper  ( 1102): Slow delivery took 498ms main h=android.os.Handler c=com.android.internal.os.BinderCallsStats$1@8021ae3 m=0
02-03 23:44:51.819 W/Looper  ( 1102): Drained
02-03 23:45:17.536 W/Looper  ( 1102): Slow delivery took 411ms main h=android.os.Handler c=com.android.internal.os.BinderCallsStats$1@8021ae3 m=0
02-03 23:45:41.743 W/Looper  ( 1102): Drained
02-03 23:46:02.930 W/Looper  ( 1102): Slow delivery took 436ms main h=android.os.Handler c=com.android.internal.os.BinderCallsStats$1@8021ae3 m=0
02-03 23:46:16.920 W/Looper  ( 1102): Drained
02-03 23:46:16.923 D/PowerUI ( 1296): new_low_battery_warning PowerUi onReceive Intent.ACTION_BATTERY_CHANGED mLastBatteryTemperature=291,mBatteryTemperature=287,mBatteryLevel=98
02-03 23:46:16.923 D/PowerUI ( 1296): new_low_battery_warning BatteryTemperature        291 --> 287
02-03 23:46:16.923 D/PowerUI ( 1296): new_low_battery_warning level          98 --> 98
02-03 23:46:16.923 D/PowerUI ( 1296): new_low_battery_warning status         3 --> 3
02-03 23:46:16.923 D/PowerUI ( 1296): new_low_battery_warning plugType       0 --> 0
02-03 23:46:16.923 D/PowerUI ( 1296): new_low_battery_warning plugged        false --> false
02-03 23:46:16.923 D/PowerUI ( 1296): new_low_battery_warning lowBatteryWarningType=4
02-03 23:46:16.924 D/PowerUI ( 1296): new_low_battery_warning close AlertDialog
02-03 23:46:16.935 W/BatteryExternalStatsWorker( 1102): error reading Bluetooth stats: 9
02-03 23:46:16.962 D/PowerUI ( 1296): new_low_battery_warning PowerUi onReceive Intent.ACTION_BATTERY_CHANGED mLastBatteryTemperature=287,mBatteryTemperature=287,mBatteryLevel=98
02-03 23:46:16.962 D/PowerUI ( 1296): new_low_battery_warning BatteryTemperature        287 --> 287
02-03 23:46:16.963 D/PowerUI ( 1296): new_low_battery_warning level          98 --> 98
02-03 23:46:16.963 D/PowerUI ( 1296): new_low_battery_warning status         3 --> 3
02-03 23:46:16.963 D/PowerUI ( 1296): new_low_battery_warning plugType       0 --> 0
02-03 23:46:16.963 D/PowerUI ( 1296): new_low_battery_warning plugged        false --> false
02-03 23:46:16.963 D/PowerUI ( 1296): new_low_battery_warning lowBatteryWarningType=4
02-03 23:46:16.963 D/PowerUI ( 1296): new_low_battery_warning close AlertDialog
02-03 23:46:16.983 E/KernelCpuSpeedReader( 1102): Failed to read cpu-freq: /sys/devices/system/cpu/cpu4/cpufreq/stats/time_in_state: open failed: ENOENT (No such file or directory)
02-03 23:46:16.987 D/PowerUI ( 1296): new_low_battery_warning PowerUi onReceive Intent.ACTION_BATTERY_CHANGED mLastBatteryTemperature=287,mBatteryTemperature=287,mBatteryLevel=98
02-03 23:46:16.987 D/PowerUI ( 1296): new_low_battery_warning BatteryTemperature        287 --> 287
02-03 23:46:16.987 D/PowerUI ( 1296): new_low_battery_warning level          98 --> 97
02-03 23:46:16.987 D/PowerUI ( 1296): new_low_battery_warning status         3 --> 3
02-03 23:46:16.987 D/PowerUI ( 1296): new_low_battery_warning plugType       0 --> 0
02-03 23:46:16.987 D/PowerUI ( 1296): new_low_battery_warning plugged        false --> false
02-03 23:46:16.987 D/PowerUI ( 1296): new_low_battery_warning lowBatteryWarningType=4
02-03 23:46:16.987 D/PowerUI ( 1296): new_low_battery_warning close AlertDialog
02-03 23:46:17.093 W/BatteryExternalStatsWorker( 1102): error reading Bluetooth stats: 9
02-03 23:46:17.128 E/KernelCpuSpeedReader( 1102): Failed to read cpu-freq: /sys/devices/system/cpu/cpu4/cpufreq/stats/time_in_state: open failed: ENOENT (No such file or directory)
02-03 23:46:17.258 V/PackageManager( 1102): bestChoice=null
02-03 23:46:17.273 E/KernelCpuSpeedReader( 1102): Failed to read cpu-freq: /sys/devices/system/cpu/cpu4/cpufreq/stats/time_in_state: open failed: ENOENT (No such file or directory)
02-03 23:46:47.547 W/Looper  ( 1102): Slow delivery took 389ms main h=com.android.server.pm.SnapshotStatistics$1 c=null m=0
02-03 23:46:48.871 W/Looper  ( 1102): Drained
02-03 23:46:48.874 D/PowerUI ( 1296): new_low_battery_warning PowerUi onReceive Intent.ACTION_BATTERY_CHANGED mLastBatteryTemperature=287,mBatteryTemperature=287,mBatteryLevel=97
02-03 23:46:48.874 D/PowerUI ( 1296): new_low_battery_warning BatteryTemperature        287 --> 287
02-03 23:46:48.875 D/PowerUI ( 1296): new_low_battery_warning level          97 --> 97
02-03 23:46:48.875 D/PowerUI ( 1296): new_low_battery_warning status         3 --> 3
02-03 23:46:48.875 D/PowerUI ( 1296): new_low_battery_warning plugType       0 --> 0
02-03 23:46:48.875 D/PowerUI ( 1296): new_low_battery_warning plugged        false --> false
02-03 23:46:48.875 D/PowerUI ( 1296): new_low_battery_warning lowBatteryWarningType=4
02-03 23:46:48.875 D/PowerUI ( 1296): new_low_battery_warning close AlertDialog
02-03 23:47:48.602 W/Looper  ( 1102): Slow delivery took 376ms main h=android.os.Handler c=com.android.internal.os.BinderCallsStats$1@8021ae3 m=0
02-03 23:47:54.488 W/Looper  ( 1102): Drained
02-03 23:48:17.663 W/Looper  ( 1102): Slow delivery took 532ms main h=android.os.Handler c=com.android.internal.os.BinderCallsStats$1@8021ae3 m=0
02-03 23:48:32.294 W/Looper  ( 1102): Drained
02-03 23:49:18.268 W/Looper  ( 1102): Slow delivery took 429ms main h=android.os.Handler c=com.android.internal.os.BinderCallsStats$1@8021ae3 m=0
02-03 23:49:31.823 E/KernelCpuSpeedReader( 1102): Failed to read cpu-freq: /sys/devices/system/cpu/cpu4/cpufreq/stats/time_in_state: open failed: ENOENT (No such file or directory)
02-03 23:49:31.853 W/Looper  ( 1102): Drained
02-03 23:50:07.746 W/Looper  ( 1102): Slow delivery took 412ms main h=android.os.Handler c=com.android.internal.os.BinderCallsStats$1@8021ae3 m=0
02-03 23:50:08.782 W/Looper  ( 1102): Drained
02-03 23:50:23.926 W/Looper  ( 1102): Slow delivery took 481ms main h=android.os.Handler c=com.android.internal.os.BinderCallsStats$1@8021ae3 m=0
02-03 23:50:23.937 W/Looper  ( 1102): Drained
02-03 23:50:48.379 W/Looper  ( 1102): Slow delivery took 457ms main h=android.os.Handler c=com.android.internal.os.BinderCallsStats$1@8021ae3 m=0
02-03 23:50:52.047 W/Looper  ( 1102): Drained
02-03 23:50:52.062 W/Looper  ( 1102): Slow delivery took 391ms android.fg h=android.os.Handler c=com.android.server.location.gnss.GnssLocationProvider$$ExternalSyntheticLambda12@c08b7a6 m=0
02-03 23:50:52.064 W/Looper  ( 1102): Drained
02-03 23:51:30.382 W/Looper  ( 1102): Slow delivery took 377ms main h=android.os.Handler c=com.android.internal.os.BinderCallsStats$1@8021ae3 m=0
02-03 23:51:47.795 W/Looper  ( 1102): Drained
02-03 23:52:07.759 W/Looper  ( 1102): Slow delivery took 207ms main h=android.os.Handler c=com.android.internal.os.BinderCallsStats$1@8021ae3 m=0
02-03 23:52:21.797 W/Looper  ( 1102): Drained
02-03 23:53:30.197 W/Looper  ( 1102): Slow delivery took 347ms main h=android.os.Handler c=com.android.internal.os.BinderCallsStats$1@8021ae3 m=0
02-03 23:53:38.002 W/Looper  ( 1102): Drained
02-03 23:54:42.519 W/Looper  ( 1102): Slow delivery took 270ms main h=android.os.Handler c=com.android.internal.os.BinderCallsStats$1@8021ae3 m=0
02-03 23:54:44.610 E/KernelCpuSpeedReader( 1102): Failed to read cpu-freq: /sys/devices/system/cpu/cpu4/cpufreq/stats/time_in_state: open failed: ENOENT (No such file or directory)
02-03 23:55:08.206 W/Looper  ( 1102): Drained
02-03 23:55:22.446 W/Looper  ( 1102): Slow delivery took 303ms main h=android.os.Handler c=com.android.internal.os.BinderCallsStats$1@8021ae3 m=0
02-03 23:55:28.261 W/Looper  ( 1102): Drained
02-03 23:56:48.890 D/PowerUI ( 1296): new_low_battery_warning PowerUi onReceive Intent.ACTION_BATTERY_CHANGED mLastBatteryTemperature=287,mBatteryTemperature=280,mBatteryLevel=97
02-03 23:56:48.890 D/PowerUI ( 1296): new_low_battery_warning BatteryTemperature        287 --> 280
02-03 23:56:48.890 D/PowerUI ( 1296): new_low_battery_warning level          97 --> 97
02-03 23:56:48.890 D/PowerUI ( 1296): new_low_battery_warning status         3 --> 3
02-03 23:56:48.890 D/PowerUI ( 1296): new_low_battery_warning plugType       0 --> 0
02-03 23:56:48.890 D/PowerUI ( 1296): new_low_battery_warning plugged        false --> false
02-03 23:56:48.890 D/PowerUI ( 1296): new_low_battery_warning lowBatteryWarningType=4
02-03 23:56:48.890 D/PowerUI ( 1296): new_low_battery_warning close AlertDialog
02-03 23:56:48.899 W/BatteryExternalStatsWorker( 1102): error reading Bluetooth stats: 9
02-03 23:56:48.934 E/KernelCpuSpeedReader( 1102): Failed to read cpu-freq: /sys/devices/system/cpu/cpu4/cpufreq/stats/time_in_state: open failed: ENOENT (No such file or directory)
02-03 23:57:27.085 W/Looper  ( 1102): Slow delivery took 472ms main h=android.os.Handler c=com.android.internal.os.BinderCallsStats$1@8021ae3 m=0
02-03 23:57:32.092 W/Looper  ( 1102): Drained
02-03 23:57:45.969 W/Looper  ( 1102): Slow delivery took 326ms main h=android.os.Handler c=com.android.internal.os.BinderCallsStats$1@8021ae3 m=0
02-03 23:57:56.881 W/Looper  ( 1102): Drained
02-03 23:58:25.558 W/Looper  ( 1102): Slow delivery took 403ms main h=android.os.Handler c=com.android.internal.os.BinderCallsStats$1@8021ae3 m=0
02-03 23:58:48.157 W/Looper  ( 1102): Drained
02-03 23:58:57.986 W/Looper  ( 1102): Slow delivery took 541ms main h=android.os.Handler c=com.android.internal.os.BinderCallsStats$1@8021ae3 m=0
02-03 23:59:12.027 W/Looper  ( 1102): Drained
02-03 23:59:30.448 W/Looper  ( 1102): Slow delivery took 427ms main h=android.os.Handler c=com.android.internal.os.BinderCallsStats$1@8021ae3 m=0
02-03 23:59:47.891 E/KernelCpuSpeedReader( 1102): Failed to read cpu-freq: /sys/devices/system/cpu/cpu4/cpufreq/stats/time_in_state: open failed: ENOENT (No such file or directory)
02-03 23:59:58.884 W/Looper  ( 1102): Drained
02-04 00:00:00.031 D/DevicePolicyManager( 1102): updateSystemUpdateFreezePeriodsRecord
02-04 00:00:00.057 W/BroadcastQueue( 1102): Background execution not allowed: receiving Intent { act=android.intent.action.DATE_CHANGED flg=0x20200010 } to com.android.inputmethod.latin/com.android.inputmethod.dictionarypack.EventHandler
02-04 00:00:00.058 W/BroadcastQueue( 1102): Background execution not allowed: receiving Intent { act=android.intent.action.DATE_CHANGED flg=0x20200010 } to com.google.android.gms/.chimera.GmsIntentOperationService$PersistentTrustedReceiver
02-04 00:00:08.618 W/Looper  ( 1102): Slow delivery took 344ms main h=android.os.Handler c=com.android.internal.os.BinderCallsStats$1@8021ae3 m=0
02-04 00:00:17.817 W/Looper  ( 1102): Drained
02-04 00:00:19.889 W/Looper  ( 1102): Slow delivery took 441ms main h=android.os.Handler c=com.android.internal.os.BinderCallsStats$1@8021ae3 m=0
02-04 00:00:27.713 W/Looper  ( 1102): Drained
02-04 00:00:40.443 D/CompatibilityChangeReporter( 1102): Compat change id reported: 168419799; UID 1000; state: DISABLED
02-04 00:00:40.480 I/ActivityManager( 1102): com.android.vending is exempt from freezer
02-04 00:00:40.481 D/CompatibilityChangeReporter( 1102): Compat change id reported: 135634846; UID 10039; state: DISABLED
02-04 00:00:40.482 D/CompatibilityChangeReporter( 1102): Compat change id reported: 177438394; UID 10039; state: DISABLED
02-04 00:00:40.482 D/CompatibilityChangeReporter( 1102): Compat change id reported: 135772972; UID 10039; state: DISABLED
02-04 00:00:40.483 D/CompatibilityChangeReporter( 1102): Compat change id reported: 135754954; UID 10039; state: ENABLED
02-04 00:00:40.484 D/CompatibilityChangeReporter( 1102): Compat change id reported: 143937733; UID 10039; state: ENABLED
02-04 00:00:40.493 I/WatchlistLoggingHandler( 1102): Start aggregating watchlist records.
02-04 00:00:40.494 I/BackgroundDexOptService( 1102): onStartJob:801
02-04 00:00:40.494 E/SettingsProvider( 1102): callingPackage: android
02-04 00:00:40.498 I/BackgroundDexOptService( 1102): Starting thread:BackgroundDexOptService_PostBoot
02-04 00:00:40.499 D/BackgroundDexOptService( 1102): jobExecution
02-04 00:00:40.509 I/ActivityManager( 1102): Start proc 4352:com.android.vending/u0a39 for service {com.android.vending/com.google.android.finsky.scheduler.process.mainimpl.PhoneskyJobServiceMain}
02-04 00:00:40.570 V/ActivityManager( 1102): New death recipient com.android.server.am.ActivityManagerService$AppDeathRecipient@1075802 for thread android.os.BinderProxy@7d4513
02-04 00:00:41.345 I/ActivityManager( 1102): Process com.google.process.gservices (pid 2312) has died: cch+15 CEM 
02-04 00:00:42.076 I/ActivityManager( 1102): Start proc 4409:com.google.process.gservices/u0a18 for content provider {com.google.android.gsf/com.google.android.gsf.gservices.GservicesProvider}
02-04 00:00:42.443 I/ActivityManager( 1102): Process com.google.android.configupdater (pid 4085) has died: cch+15 CEM 
02-04 00:00:42.584 E/SettingsProvider( 1102): callingPackage: android
02-04 00:00:42.657 W/JobScheduler( 1102): Job didn't exist in JobStore: 330d0c1 #u0a39/9029 com.android.vending/com.google.android.finsky.scheduler.process.mainimpl.PhoneskyJobServiceMain
02-04 00:00:42.719 I/ActivityManager( 1102): Start proc 4472:com.google.process.gapps/u0a18 for content provider {com.google.android.gsf/com.google.android.gsf.settings.GoogleSettingsProvider}
02-04 00:00:43.165 I/ActivityManager( 1102): Killing 2079:com.google.android.gms/u0a18 (adj 915): empty #4
02-04 00:00:43.332 W/ActivityManager( 1102): Scheduling restart of crashed service com.google.android.gms/.chimera.GmsBoundBrokerService in 20000ms for connection
02-04 00:00:43.352 I/ActivityManager( 1102): com.android.vending is exempt from freezer
02-04 00:00:43.388 I/ActivityManager( 1102): Start proc 4502:com.android.vending:background/u0a39 for service {com.android.vending/com.google.frameworks.client.data.android.server.play.BackgroundProcessEndpointService}
02-04 00:00:44.010 I/ActivityManager( 1102): Killing 4352:com.android.vending/u0a39 (adj 915): empty #4
02-04 00:00:44.128 W/ActivityManager( 1102): Scheduling restart of crashed service com.android.vending/com.google.android.finsky.scheduler.process.mainimpl.PhoneskyJobServiceMain in 20000ms for connection
02-04 00:00:46.092 I/ActivityManager( 1102): Process com.google.process.gservices (pid 4409) has died: cch+15 CEM 
02-04 00:00:46.155 W/ActivityManager( 1102): Rescheduling restart of crashed service com.android.vending/com.google.android.finsky.scheduler.process.mainimpl.PhoneskyJobServiceMain in 27974ms for mem-pressure-event
02-04 00:00:48.678 W/ActivityManager( 1102): Rescheduling restart of crashed service com.android.vending/com.google.android.finsky.scheduler.process.mainimpl.PhoneskyJobServiceMain in 5450ms for mem-pressure-event
02-04 00:00:49.462 I/BackgroundDexOptService( 1102): Pinning optimized code {}
02-04 00:00:49.537 I/BackgroundDexOptService( 1102): Idle optimizations completed.
02-04 00:00:49.538 I/BackgroundDexOptService( 1102): dexopt finishing. jobid:801 completed:true
02-04 00:00:49.620 I/BackgroundDexOptService( 1102): onStopJob:801
02-04 00:00:49.621 I/BackgroundDexOptService( 1102): Starting thread:DexOptCancel
02-04 00:00:49.627 W/JobScheduler( 1102): Job didn't exist in JobStore: 69ba4de #1000/801 android/com.android.server.pm.BackgroundDexOptJobService
02-04 00:00:51.126 I/ActivityManager( 1102): Start proc 4598:com.google.process.gservices/u0a18 for content provider {com.google.android.gsf/com.google.android.gsf.gservices.GservicesProvider}
02-04 00:00:52.673 I/WatchlistLoggingHandler( 1102): Milliseconds spent on tryAggregateRecords(): 12180
02-04 00:00:53.661 W/ActivityManager( 1102): Rescheduling restart of crashed service com.android.vending/com.google.android.finsky.scheduler.process.mainimpl.PhoneskyJobServiceMain in 0ms for mem-pressure-event
02-04 00:00:53.663 I/ActivityManager( 1102): com.android.vending is exempt from freezer
02-04 00:00:53.688 I/ActivityManager( 1102): Start proc 4624:com.android.vending/u0a39 for service {com.android.vending/com.google.android.finsky.scheduler.process.mainimpl.PhoneskyJobServiceMain}
02-04 00:00:54.634 I/ActivityManager( 1102): Start proc 4705:com.google.android.gms/u0a18 for service {com.google.android.gms/com.google.android.gms.chimera.GmsBoundBrokerService}
02-04 00:00:54.749 W/JobScheduler( 1102): Job didn't exist in JobStore: b05e1c5 #u0a39/9039 com.android.vending/com.google.android.finsky.scheduler.process.mainimpl.PhoneskyJobServiceMain
02-04 00:00:55.017 E/SettingsProvider( 1102): callingPackage: android
02-04 00:00:55.248 I/ActivityManager( 1102): Killing 4502:com.android.vending:background/u0a39 (adj 935): empty #4
02-04 00:00:58.099 W/ActivityManager( 1102): Application dead when creating service ServiceRecord{be650e3 u0 com.android.vending/com.google.frameworks.client.data.android.server.play.BackgroundProcessEndpointService}
02-04 00:00:58.106 W/ActivityManager( 1102): Scheduling restart of crashed service com.android.vending/com.google.frameworks.client.data.android.server.play.BackgroundProcessEndpointService in 1000ms for connection
02-04 00:00:58.111 W/ActivityManager( 1102): Scheduling restart of crashed service com.android.vending/com.google.frameworks.client.data.android.server.play.BackgroundProcessEndpointService in 4000ms for always
02-04 00:00:58.214 W/ActivityManager( 1102): Exception when starting service com.android.vending/com.google.frameworks.client.data.android.server.play.BackgroundProcessEndpointService
02-04 00:00:58.214 W/ActivityManager( 1102): android.os.DeadObjectException
02-04 00:00:58.214 W/ActivityManager( 1102): 	at android.os.BinderProxy.transactNative(Native Method)
02-04 00:00:58.214 W/ActivityManager( 1102): 	at android.os.BinderProxy.transact(BinderProxy.java:584)
02-04 00:00:58.214 W/ActivityManager( 1102): 	at android.app.IApplicationThread$Stub$Proxy.scheduleCreateService(IApplicationThread.java:1256)
02-04 00:00:58.214 W/ActivityManager( 1102): 	at com.android.server.am.ActiveServices.realStartServiceLocked(ActiveServices.java:4427)
02-04 00:00:58.214 W/ActivityManager( 1102): 	at com.android.server.am.ActiveServices.bringUpServiceLocked(ActiveServices.java:4262)
02-04 00:00:58.214 W/ActivityManager( 1102): 	at com.android.server.am.ActiveServices.bindServiceLocked(ActiveServices.java:2957)
02-04 00:00:58.214 W/ActivityManager( 1102): 	at com.android.server.am.ActivityManagerService.bindServiceInstance(ActivityManagerService.java:13069)
02-04 00:00:58.214 W/ActivityManager( 1102): 	at com.android.server.am.ActivityManagerService.bindServiceInstance(ActivityManagerService.java:13025)
02-04 00:00:58.214 W/ActivityManager( 1102): 	at android.app.IActivityManager$Stub.onTransact(IActivityManager.java:2533)
02-04 00:00:58.214 W/ActivityManager( 1102): 	at com.android.server.am.ActivityManagerService.onTransact(ActivityManagerService.java:2702)
02-04 00:00:58.214 W/ActivityManager( 1102): 	at android.os.Binder.execTransactInternal(Binder.java:1280)
02-04 00:00:58.214 W/ActivityManager( 1102): 	at android.os.Binder.execTransact(Binder.java:1244)
02-04 00:00:59.545 I/ActivityManager( 1102): Killing 4472:com.google.process.gapps/u0a18 (adj 925): empty #4
02-04 00:01:00.188 W/Looper  ( 1102): Slow delivery took 398ms main h=android.os.Handler c=com.android.internal.os.BinderCallsStats$1@8021ae3 m=0
02-04 00:01:09.401 I/ActivityManager( 1102): com.android.vending is exempt from freezer
02-04 00:01:09.430 I/ActivityManager( 1102): Start proc 4761:com.android.vending:background/u0a39 for service {com.android.vending/com.google.frameworks.client.data.android.server.play.BackgroundProcessEndpointService}
02-04 00:01:09.489 W/Looper  ( 1102): Drained
02-04 00:01:12.083 I/ActivityManager( 1102): Killing 4705:com.google.android.gms/u0a18 (adj 925): empty #4
02-04 00:01:12.627 W/ActivityManager( 1102): Scheduling restart of crashed service com.google.android.gms/.chimera.GmsBoundBrokerService in 1000ms for connection
02-04 00:01:15.645 I/ActivityManager( 1102): Start proc 4821:com.google.android.gms/u0a18 for service {com.google.android.gms/com.google.android.gms.chimera.GmsBoundBrokerService}
02-04 00:01:18.155 I/ActivityManager( 1102): Killing 4598:com.google.process.gservices/u0a18 (adj 925): empty #4
02-04 00:01:21.878 W/Looper  ( 1102): Slow delivery took 576ms android.ui h=com.android.server.am.ActivityManagerService$UiHandler c=null m=31
02-04 00:01:21.879 W/Looper  ( 1102): Drained
02-04 00:01:22.081 I/ActivityManager( 1102): Start proc 4858:com.google.process.gservices/u0a18 for content provider {com.google.android.gsf/com.google.android.gsf.gservices.GservicesProvider}
02-04 00:01:24.840 I/ActivityManager( 1102): Killing 4624:com.android.vending/u0a39 (adj 915): empty #4
02-04 00:01:28.899 W/Looper  ( 1102): Slow delivery took 293ms main h=android.os.Handler c=com.android.internal.os.BinderCallsStats$1@8021ae3 m=0
02-04 00:02:02.663 W/Looper  ( 1102): Drained
02-04 00:02:55.484 W/BatteryExternalStatsWorker( 1102): error reading Bluetooth stats: 9
02-04 00:03:16.291 E/KernelCpuSpeedReader( 1102): Failed to read cpu-freq: /sys/devices/system/cpu/cpu4/cpufreq/stats/time_in_state: open failed: ENOENT (No such file or directory)
02-04 00:03:18.089 W/Looper  ( 1102): Slow delivery took 448ms main h=android.os.Handler c=com.android.internal.os.BinderCallsStats$1@8021ae3 m=0
02-04 00:03:26.949 W/Looper  ( 1102): Drained
02-04 00:03:55.800 W/Looper  ( 1102): Slow delivery took 350ms main h=android.os.Handler c=com.android.internal.os.BinderCallsStats$1@8021ae3 m=0
02-04 00:03:56.519 W/Looper  ( 1102): Drained
02-04 00:04:18.096 W/Looper  ( 1102): Slow delivery took 409ms main h=android.os.Handler c=com.android.internal.os.BinderCallsStats$1@8021ae3 m=0
02-04 00:04:27.409 W/Looper  ( 1102): Slow delivery took 579ms android.ui h=com.android.server.am.ActivityManagerService$UiHandler c=null m=31
02-04 00:04:27.431 W/Looper  ( 1102): Drained
02-04 00:04:28.412 W/Looper  ( 1102): Drained
02-04 00:05:08.068 W/Looper  ( 1102): Slow delivery took 358ms main h=android.os.Handler c=com.android.internal.os.BinderCallsStats$1@8021ae3 m=0
02-04 00:05:14.858 W/Looper  ( 1102): Drained
02-04 00:05:27.321 W/Looper  ( 1102): Slow delivery took 532ms main h=android.os.Handler c=com.android.internal.os.BinderCallsStats$1@8021ae3 m=0
02-04 00:05:29.808 W/Looper  ( 1102): Drained
02-04 00:05:30.086 I/UsageStatsService( 1102): User[0] Flushing usage stats to disk
02-04 00:05:56.225 W/Looper  ( 1102): Slow dispatch took 122ms main h=android.app.ActivityThread$H c=android.app.LoadedApk$ReceiverDispatcher$Args$$ExternalSyntheticLambda0@d0bc016 m=0
02-04 00:06:49.018 W/BatteryExternalStatsWorker( 1102): error reading Bluetooth stats: 9
02-04 00:06:49.080 E/KernelCpuSpeedReader( 1102): Failed to read cpu-freq: /sys/devices/system/cpu/cpu4/cpufreq/stats/time_in_state: open failed: ENOENT (No such file or directory)
02-04 00:06:57.169 W/Looper  ( 1102): Slow delivery took 313ms main h=android.os.Handler c=com.android.internal.os.BinderCallsStats$1@8021ae3 m=0
02-04 00:07:10.787 W/Looper  ( 1102): Drained
02-04 00:07:27.444 W/Looper  ( 1102): Slow delivery took 524ms main h=android.os.Handler c=com.android.internal.os.BinderCallsStats$1@8021ae3 m=0
02-04 00:07:36.484 W/Looper  ( 1102): Drained
02-04 00:08:18.231 W/Looper  ( 1102): Slow delivery took 357ms main h=android.os.Handler c=com.android.internal.os.BinderCallsStats$1@8021ae3 m=0
02-04 00:08:18.249 W/Looper  ( 1102): Drained
02-04 00:08:57.809 W/Looper  ( 1102): Slow delivery took 308ms main h=android.os.Handler c=com.android.internal.os.BinderCallsStats$1@8021ae3 m=0
02-04 00:08:57.825 W/Looper  ( 1102): Drained
02-04 00:09:24.450 W/Looper  ( 1102): Slow delivery took 280ms main h=android.os.Handler c=com.android.internal.os.BinderCallsStats$1@8021ae3 m=0
02-04 00:09:33.488 W/Looper  ( 1102): Drained
02-04 00:09:56.049 W/Looper  ( 1102): Slow delivery took 477ms main h=android.os.Handler c=com.android.internal.os.BinderCallsStats$1@8021ae3 m=0
02-04 00:10:14.698 W/Looper  ( 1102): Drained
02-04 00:10:18.350 W/Looper  ( 1102): Slow delivery took 344ms main h=android.os.Handler c=com.android.internal.os.BinderCallsStats$1@8021ae3 m=0
02-04 00:10:21.231 E/KernelCpuSpeedReader( 1102): Failed to read cpu-freq: /sys/devices/system/cpu/cpu4/cpufreq/stats/time_in_state: open failed: ENOENT (No such file or directory)
02-04 00:10:35.888 W/Looper  ( 1102): Drained
02-04 00:11:15.322 W/Looper  ( 1102): Slow dispatch took 111ms main h=android.app.ActivityThread$H c=android.app.LoadedApk$ReceiverDispatcher$Args$$ExternalSyntheticLambda0@c9f38a1 m=0
02-04 00:11:47.546 W/Looper  ( 1102): Slow delivery took 384ms main h=com.android.server.pm.SnapshotStatistics$1 c=null m=0
02-04 00:11:58.311 W/Looper  ( 1102): Drained
02-04 00:12:08.332 W/Looper  ( 1102): Slow delivery took 290ms main h=android.os.Handler c=com.android.internal.os.BinderCallsStats$1@8021ae3 m=0
02-04 00:12:23.720 W/Looper  ( 1102): Drained
02-04 00:12:49.703 W/Looper  ( 1102): Slow delivery took 253ms main h=android.os.Handler c=com.android.internal.os.BinderCallsStats$1@8021ae3 m=0
02-04 00:12:49.711 W/Looper  ( 1102): Drained
02-04 00:13:18.288 E/KernelCpuSpeedReader( 1102): Failed to read cpu-freq: /sys/devices/system/cpu/cpu4/cpufreq/stats/time_in_state: open failed: ENOENT (No such file or directory)
02-04 00:13:24.050 W/Looper  ( 1102): Slow delivery took 543ms main h=android.os.Handler c=com.android.internal.os.BinderCallsStats$1@8021ae3 m=0
02-04 00:13:38.224 W/Looper  ( 1102): Drained
